[    0.000000] microcode: updated early: 0x3d -> 0x49, date = 2021-08-11
[    0.000000] Linux version 6.4.7-1-cachyos-lto (linux-cachyos-lto@cachyos) (clang version 15.0.7, LLD 15.0.7) #1 SMP PREEMPT_DYNAMIC Sun, 30 Jul 2023 00:36:10 +0000
[    0.000000] Command line: initrd=\intel-ucode.img initrd=\initramfs-linux-cachyos-lto.img root=PARTUUID=17f860f8-3c20-40d0-af65-4ca35a6dcd37 rw zswap.enabled=0 nowatchdog iomem=relaxed
[    0.000000] x86/fpu: Supporting XSAVE feature 0x001: 'x87 floating point registers'
[    0.000000] x86/fpu: Supporting XSAVE feature 0x002: 'SSE registers'
[    0.000000] x86/fpu: Supporting XSAVE feature 0x004: 'AVX registers'
[    0.000000] x86/fpu: xstate_offset[2]:  576, xstate_sizes[2]:  256
[    0.000000] x86/fpu: Enabled xstate features 0x7, context size is 832 bytes, using 'standard' format.
[    0.000000] signal: max sigframe size: 1776
[    0.000000] BIOS-provided physical RAM map:
[    0.000000] BIOS-e820: [mem 0x0000000000000000-0x000000000003efff] usable
[    0.000000] BIOS-e820: [mem 0x000000000003f000-0x000000000003ffff] reserved
[    0.000000] BIOS-e820: [mem 0x0000000000040000-0x000000000009ffff] usable
[    0.000000] BIOS-e820: [mem 0x0000000000100000-0x0000000075857fff] usable
[    0.000000] BIOS-e820: [mem 0x0000000075858000-0x00000000765b1fff] reserved
[    0.000000] BIOS-e820: [mem 0x00000000765b2000-0x000000007661cfff] ACPI data
[    0.000000] BIOS-e820: [mem 0x000000007661d000-0x000000007706ffff] ACPI NVS
[    0.000000] BIOS-e820: [mem 0x0000000077070000-0x0000000077591fff] reserved
[    0.000000] BIOS-e820: [mem 0x0000000077592000-0x0000000077592fff] usable
[    0.000000] BIOS-e820: [mem 0x0000000077593000-0x0000000077618fff] reserved
[    0.000000] BIOS-e820: [mem 0x0000000077619000-0x0000000077ffffff] usable
[    0.000000] BIOS-e820: [mem 0x0000000078000000-0x000000007bffffff] reserved
[    0.000000] BIOS-e820: [mem 0x0000000080000000-0x000000008fffffff] reserved
[    0.000000] BIOS-e820: [mem 0x00000000fed1c000-0x00000000fed44fff] reserved
[    0.000000] BIOS-e820: [mem 0x00000000ff000000-0x00000000ffffffff] reserved
[    0.000000] BIOS-e820: [mem 0x0000000100000000-0x000000087fffffff] usable
[    0.000000] NX (Execute Disable) protection: active
[    0.000000] e820: update [mem 0x6fcb8018-0x6fcd6457] usable ==> usable
[    0.000000] e820: update [mem 0x6fcb8018-0x6fcd6457] usable ==> usable
[    0.000000] e820: update [mem 0x6fca6018-0x6fcb7857] usable ==> usable
[    0.000000] e820: update [mem 0x6fca6018-0x6fcb7857] usable ==> usable
[    0.000000] extended physical RAM map:
[    0.000000] reserve setup_data: [mem 0x0000000000000000-0x000000000003efff] usable
[    0.000000] reserve setup_data: [mem 0x000000000003f000-0x000000000003ffff] reserved
[    0.000000] reserve setup_data: [mem 0x0000000000040000-0x000000000009ffff] usable
[    0.000000] reserve setup_data: [mem 0x0000000000100000-0x000000006fca6017] usable
[    0.000000] reserve setup_data: [mem 0x000000006fca6018-0x000000006fcb7857] usable
[    0.000000] reserve setup_data: [mem 0x000000006fcb7858-0x000000006fcb8017] usable
[    0.000000] reserve setup_data: [mem 0x000000006fcb8018-0x000000006fcd6457] usable
[    0.000000] reserve setup_data: [mem 0x000000006fcd6458-0x0000000075857fff] usable
[    0.000000] reserve setup_data: [mem 0x0000000075858000-0x00000000765b1fff] reserved
[    0.000000] reserve setup_data: [mem 0x00000000765b2000-0x000000007661cfff] ACPI data
[    0.000000] reserve setup_data: [mem 0x000000007661d000-0x000000007706ffff] ACPI NVS
[    0.000000] reserve setup_data: [mem 0x0000000077070000-0x0000000077591fff] reserved
[    0.000000] reserve setup_data: [mem 0x0000000077592000-0x0000000077592fff] usable
[    0.000000] reserve setup_data: [mem 0x0000000077593000-0x0000000077618fff] reserved
[    0.000000] reserve setup_data: [mem 0x0000000077619000-0x0000000077ffffff] usable
[    0.000000] reserve setup_data: [mem 0x0000000078000000-0x000000007bffffff] reserved
[    0.000000] reserve setup_data: [mem 0x0000000080000000-0x000000008fffffff] reserved
[    0.000000] reserve setup_data: [mem 0x00000000fed1c000-0x00000000fed44fff] reserved
[    0.000000] reserve setup_data: [mem 0x00000000ff000000-0x00000000ffffffff] reserved
[    0.000000] reserve setup_data: [mem 0x0000000100000000-0x000000087fffffff] usable
[    0.000000] efi: EFI v2.4 by American Megatrends
[    0.000000] efi: ESRT=0x77537318 ACPI=0x765c7000 ACPI 2.0=0x765c7000 SMBIOS=0x773d4000 SMBIOS 3.0=0x773d3000 RNG=0x765c6f98 INITRD=0x6fcdb318 
[    0.000000] random: crng init done
[    0.000000] efi: Remove mem25: MMIO range=[0x80000000-0x8fffffff] (256MB) from e820 map
[    0.000000] e820: remove [mem 0x80000000-0x8fffffff] reserved
[    0.000000] efi: Not removing mem26: MMIO range=[0xfed1c000-0xfed44fff] (164KB) from e820 map
[    0.000000] efi: Remove mem27: MMIO range=[0xff000000-0xffffffff] (16MB) from e820 map
[    0.000000] e820: remove [mem 0xff000000-0xffffffff] reserved
[    0.000000] SMBIOS 3.0.0 present.
[    0.000000] DMI: HUANANZHI /X99-QD4, BIOS 5.11 07/01/2022
[    0.000000] tsc: Fast TSC calibration using PIT
[    0.000000] tsc: Detected 2899.878 MHz processor
[    0.000031] e820: update [mem 0x00000000-0x00000fff] usable ==> reserved
[    0.000033] e820: remove [mem 0x000a0000-0x000fffff] usable
[    0.000041] last_pfn = 0x880000 max_arch_pfn = 0x400000000
[    0.000045] x86/PAT: Configuration [0-7]: WB  WC  UC- UC  WB  WP  UC- WT  
[    0.000436] last_pfn = 0x78000 max_arch_pfn = 0x400000000
[    0.007394] esrt: Reserving ESRT space from 0x0000000077537318 to 0x0000000077537350.
[    0.007401] Using GB pages for direct mapping
[    0.007543] Secure boot disabled
[    0.007543] RAMDISK: [mem 0x6a3df000-0x6ccddfff]
[    0.007547] ACPI: Early table checksum verification disabled
[    0.007550] ACPI: RSDP 0x00000000765C7000 000024 (v02 ALASKA)
[    0.007553] ACPI: XSDT 0x00000000765C7098 0000B4 (v01 ALASKA A M I    01072009 AMI  00010013)
[    0.007559] ACPI: FACP 0x00000000765F9E28 00010C (v05 ALASKA A M I    01072009 AMI  00010013)
[    0.007563] ACPI: DSDT 0x00000000765C71E0 032C46 (v02 ALASKA A M I    01072009 INTL 20091013)
[    0.007566] ACPI: FACS 0x000000007706EF80 000040
[    0.007568] ACPI: APIC 0x00000000765F9F38 000170 (v03 ALASKA A M I    01072009 AMI  00010013)
[    0.007571] ACPI: FPDT 0x00000000765FA0A8 000044 (v01 ALASKA A M I    01072009 AMI  00010013)
[    0.007573] ACPI: FIDT 0x00000000765FA0F0 00009C (v01 ALASKA A M I    01072009 AMI  00010013)
[    0.007576] ACPI: MCFG 0x00000000765FA190 00003C (v01 ALASKA A M I    01072009 MSFT 00000097)
[    0.007578] ACPI: SSDT 0x00000000765FA1D0 000495 (v01 IdeRef IdeTable 00001000 INTL 20120913)
[    0.007581] ACPI: UEFI 0x00000000765FA668 000042 (v01 ALASKA A M I    01072009      00000000)
[    0.007583] ACPI: HPET 0x00000000765FA6B0 000038 (v01 ALASKA A M I    00000001 INTL 20091013)
[    0.007586] ACPI: MSCT 0x00000000765FA6E8 000090 (v01 ALASKA A M I    00000001 INTL 20091013)
[    0.007588] ACPI: SLIT 0x00000000765FA778 00002D (v01 ALASKA A M I    00000001 INTL 20091013)
[    0.007590] ACPI: SRAT 0x00000000765FA7A8 001158 (v03 ALASKA A M I    00000001 INTL 20091013)
[    0.007593] ACPI: WDDT 0x00000000765FB900 000040 (v01 ALASKA A M I    00000000 INTL 20091013)
[    0.007595] ACPI: SSDT 0x00000000765FB940 015307 (v02 ALASKA PmMgt    00000001 INTL 20120913)
[    0.007598] ACPI: NITR 0x0000000076610C48 000071 (v02 ALASKA A M I    00000001 INTL 20091013)
[    0.007600] ACPI: VFCT 0x0000000076610CC0 00B284 (v01 ALASKA A M I    00000001 AMD  31504F47)
[    0.007602] ACPI: BGRT 0x000000007661BF48 000038 (v01 ALASKA A M I    01072009 AMI  00010013)
[    0.007605] ACPI: DMAR 0x000000007661BF80 0000DC (v01 ALASKA A M I    00000001 INTL 20091013)
[    0.007607] ACPI: ASF! 0x000000007661C060 0000A0 (v32 INTEL   HCG     00000001 TFSM 000F4240)
[    0.007609] ACPI: Reserving FACP table memory at [mem 0x765f9e28-0x765f9f33]
[    0.007611] ACPI: Reserving DSDT table memory at [mem 0x765c71e0-0x765f9e25]
[    0.007611] ACPI: Reserving FACS table memory at [mem 0x7706ef80-0x7706efbf]
[    0.007612] ACPI: Reserving APIC table memory at [mem 0x765f9f38-0x765fa0a7]
[    0.007613] ACPI: Reserving FPDT table memory at [mem 0x765fa0a8-0x765fa0eb]
[    0.007614] ACPI: Reserving FIDT table memory at [mem 0x765fa0f0-0x765fa18b]
[    0.007614] ACPI: Reserving MCFG table memory at [mem 0x765fa190-0x765fa1cb]
[    0.007615] ACPI: Reserving SSDT table memory at [mem 0x765fa1d0-0x765fa664]
[    0.007616] ACPI: Reserving UEFI table memory at [mem 0x765fa668-0x765fa6a9]
[    0.007616] ACPI: Reserving HPET table memory at [mem 0x765fa6b0-0x765fa6e7]
[    0.007617] ACPI: Reserving MSCT table memory at [mem 0x765fa6e8-0x765fa777]
[    0.007618] ACPI: Reserving SLIT table memory at [mem 0x765fa778-0x765fa7a4]
[    0.007618] ACPI: Reserving SRAT table memory at [mem 0x765fa7a8-0x765fb8ff]
[    0.007619] ACPI: Reserving WDDT table memory at [mem 0x765fb900-0x765fb93f]
[    0.007620] ACPI: Reserving SSDT table memory at [mem 0x765fb940-0x76610c46]
[    0.007620] ACPI: Reserving NITR table memory at [mem 0x76610c48-0x76610cb8]
[    0.007621] ACPI: Reserving VFCT table memory at [mem 0x76610cc0-0x7661bf43]
[    0.007622] ACPI: Reserving BGRT table memory at [mem 0x7661bf48-0x7661bf7f]
[    0.007622] ACPI: Reserving DMAR table memory at [mem 0x7661bf80-0x7661c05b]
[    0.007623] ACPI: Reserving ASF! table memory at [mem 0x7661c060-0x7661c0ff]
[    0.007643] SRAT: PXM 0 -> APIC 0x00 -> Node 0
[    0.007644] SRAT: PXM 0 -> APIC 0x02 -> Node 0
[    0.007645] SRAT: PXM 0 -> APIC 0x04 -> Node 0
[    0.007645] SRAT: PXM 0 -> APIC 0x06 -> Node 0
[    0.007646] SRAT: PXM 0 -> APIC 0x08 -> Node 0
[    0.007646] SRAT: PXM 0 -> APIC 0x10 -> Node 0
[    0.007647] SRAT: PXM 0 -> APIC 0x12 -> Node 0
[    0.007648] SRAT: PXM 0 -> APIC 0x14 -> Node 0
[    0.007648] SRAT: PXM 0 -> APIC 0x16 -> Node 0
[    0.007649] SRAT: PXM 0 -> APIC 0x18 -> Node 0
[    0.007650] SRAT: PXM 0 -> APIC 0x01 -> Node 0
[    0.007650] SRAT: PXM 0 -> APIC 0x03 -> Node 0
[    0.007651] SRAT: PXM 0 -> APIC 0x05 -> Node 0
[    0.007651] SRAT: PXM 0 -> APIC 0x07 -> Node 0
[    0.007652] SRAT: PXM 0 -> APIC 0x09 -> Node 0
[    0.007652] SRAT: PXM 0 -> APIC 0x11 -> Node 0
[    0.007653] SRAT: PXM 0 -> APIC 0x13 -> Node 0
[    0.007654] SRAT: PXM 0 -> APIC 0x15 -> Node 0
[    0.007654] SRAT: PXM 0 -> APIC 0x17 -> Node 0
[    0.007655] SRAT: PXM 0 -> APIC 0x19 -> Node 0
[    0.007662] ACPI: SRAT: Node 0 PXM 0 [mem 0x00000000-0x7fffffff]
[    0.007663] ACPI: SRAT: Node 0 PXM 0 [mem 0x100000000-0x87fffffff]
[    0.007666] NUMA: Initialized distance table, cnt=1
[    0.007668] NUMA: Node 0 [mem 0x00000000-0x7fffffff] + [mem 0x100000000-0x87fffffff] -> [mem 0x00000000-0x87fffffff]
[    0.007671] NODE_DATA(0) allocated [mem 0x87fffa000-0x87fffefff]
[    0.007710] Zone ranges:
[    0.007711]   DMA      [mem 0x0000000000001000-0x0000000000ffffff]
[    0.007713]   DMA32    [mem 0x0000000001000000-0x00000000ffffffff]
[    0.007714]   Normal   [mem 0x0000000100000000-0x000000087fffffff]
[    0.007715]   Device   empty
[    0.007716] Movable zone start for each node
[    0.007717] Early memory node ranges
[    0.007717]   node   0: [mem 0x0000000000001000-0x000000000003efff]
[    0.007719]   node   0: [mem 0x0000000000040000-0x000000000009ffff]
[    0.007719]   node   0: [mem 0x0000000000100000-0x0000000075857fff]
[    0.007721]   node   0: [mem 0x0000000077592000-0x0000000077592fff]
[    0.007721]   node   0: [mem 0x0000000077619000-0x0000000077ffffff]
[    0.007722]   node   0: [mem 0x0000000100000000-0x000000087fffffff]
[    0.007725] Initmem setup node 0 [mem 0x0000000000001000-0x000000087fffffff]
[    0.007729] On node 0, zone DMA: 1 pages in unavailable ranges
[    0.007731] On node 0, zone DMA: 1 pages in unavailable ranges
[    0.007769] On node 0, zone DMA: 96 pages in unavailable ranges
[    0.012315] On node 0, zone DMA32: 7482 pages in unavailable ranges
[    0.012346] On node 0, zone DMA32: 134 pages in unavailable ranges
[    0.093632] ACPI: PM-Timer IO Port: 0x408
[    0.093642] ACPI: LAPIC_NMI (acpi_id[0x00] high edge lint[0x1])
[    0.093644] ACPI: LAPIC_NMI (acpi_id[0x02] high edge lint[0x1])
[    0.093645] ACPI: LAPIC_NMI (acpi_id[0x04] high edge lint[0x1])
[    0.093645] ACPI: LAPIC_NMI (acpi_id[0x06] high edge lint[0x1])
[    0.093646] ACPI: LAPIC_NMI (acpi_id[0x08] high edge lint[0x1])
[    0.093647] ACPI: LAPIC_NMI (acpi_id[0x10] high edge lint[0x1])
[    0.093647] ACPI: LAPIC_NMI (acpi_id[0x12] high edge lint[0x1])
[    0.093648] ACPI: LAPIC_NMI (acpi_id[0x14] high edge lint[0x1])
[    0.093649] ACPI: LAPIC_NMI (acpi_id[0x16] high edge lint[0x1])
[    0.093649] ACPI: LAPIC_NMI (acpi_id[0x18] high edge lint[0x1])
[    0.093650] ACPI: LAPIC_NMI (acpi_id[0x01] high edge lint[0x1])
[    0.093651] ACPI: LAPIC_NMI (acpi_id[0x03] high edge lint[0x1])
[    0.093651] ACPI: LAPIC_NMI (acpi_id[0x05] high edge lint[0x1])
[    0.093652] ACPI: LAPIC_NMI (acpi_id[0x07] high edge lint[0x1])
[    0.093653] ACPI: LAPIC_NMI (acpi_id[0x09] high edge lint[0x1])
[    0.093653] ACPI: LAPIC_NMI (acpi_id[0x11] high edge lint[0x1])
[    0.093654] ACPI: LAPIC_NMI (acpi_id[0x13] high edge lint[0x1])
[    0.093655] ACPI: LAPIC_NMI (acpi_id[0x15] high edge lint[0x1])
[    0.093655] ACPI: LAPIC_NMI (acpi_id[0x17] high edge lint[0x1])
[    0.093656] ACPI: LAPIC_NMI (acpi_id[0x19] high edge lint[0x1])
[    0.093665] IOAPIC[0]: apic_id 1, version 32, address 0xfec00000, GSI 0-23
[    0.093669] IOAPIC[1]: apic_id 2, version 32, address 0xfec01000, GSI 24-47
[    0.093671] ACPI: INT_SRC_OVR (bus 0 bus_irq 0 global_irq 2 dfl dfl)
[    0.093673] ACPI: INT_SRC_OVR (bus 0 bus_irq 9 global_irq 9 high level)
[    0.093677] ACPI: Using ACPI (MADT) for SMP configuration information
[    0.093678] ACPI: HPET id: 0x8086a701 base: 0xfed00000
[    0.093686] e820: update [mem 0x72902000-0x72a61fff] usable ==> reserved
[    0.093697] TSC deadline timer available
[    0.093698] smpboot: Allowing 20 CPUs, 0 hotplug CPUs
[    0.093711] PM: hibernation: Registered nosave memory: [mem 0x00000000-0x00000fff]
[    0.093713] PM: hibernation: Registered nosave memory: [mem 0x0003f000-0x0003ffff]
[    0.093714] PM: hibernation: Registered nosave memory: [mem 0x000a0000-0x000fffff]
[    0.093715] PM: hibernation: Registered nosave memory: [mem 0x6fca6000-0x6fca6fff]
[    0.093717] PM: hibernation: Registered nosave memory: [mem 0x6fcb7000-0x6fcb7fff]
[    0.093717] PM: hibernation: Registered nosave memory: [mem 0x6fcb8000-0x6fcb8fff]
[    0.093719] PM: hibernation: Registered nosave memory: [mem 0x6fcd6000-0x6fcd6fff]
[    0.093720] PM: hibernation: Registered nosave memory: [mem 0x72902000-0x72a61fff]
[    0.093721] PM: hibernation: Registered nosave memory: [mem 0x75858000-0x765b1fff]
[    0.093722] PM: hibernation: Registered nosave memory: [mem 0x765b2000-0x7661cfff]
[    0.093722] PM: hibernation: Registered nosave memory: [mem 0x7661d000-0x7706ffff]
[    0.093723] PM: hibernation: Registered nosave memory: [mem 0x77070000-0x77591fff]
[    0.093724] PM: hibernation: Registered nosave memory: [mem 0x77593000-0x77618fff]
[    0.093726] PM: hibernation: Registered nosave memory: [mem 0x78000000-0x7bffffff]
[    0.093726] PM: hibernation: Registered nosave memory: [mem 0x7c000000-0xfed1bfff]
[    0.093727] PM: hibernation: Registered nosave memory: [mem 0xfed1c000-0xfed44fff]
[    0.093727] PM: hibernation: Registered nosave memory: [mem 0xfed45000-0xffffffff]
[    0.093729] [mem 0x7c000000-0xfed1bfff] available for PCI devices
[    0.093730] Booting paravirtualized kernel on bare hardware
[    0.093732] clocksource: refined-jiffies: mask: 0xffffffff max_cycles: 0xffffffff, max_idle_ns: 3821924579961850 ns
[    0.099874] setup_percpu: NR_CPUS:320 nr_cpumask_bits:20 nr_cpu_ids:20 nr_node_ids:1
[    0.100932] percpu: Embedded 64 pages/cpu s225280 r8192 d28672 u262144
[    0.100937] pcpu-alloc: s225280 r8192 d28672 u262144 alloc=1*2097152
[    0.100939] pcpu-alloc: [0] 00 01 02 03 04 05 06 07 [0] 08 09 10 11 12 13 14 15 
[    0.100947] pcpu-alloc: [0] 16 17 18 19 -- -- -- -- 
[    0.100965] Kernel command line: initrd=\intel-ucode.img initrd=\initramfs-linux-cachyos-lto.img root=PARTUUID=17f860f8-3c20-40d0-af65-4ca35a6dcd37 rw zswap.enabled=0 nowatchdog iomem=relaxed
[    0.101010] printk: log_buf_len individual max cpu contribution: 4096 bytes
[    0.101011] printk: log_buf_len total cpu_extra contributions: 77824 bytes
[    0.101011] printk: log_buf_len min size: 131072 bytes
[    0.101210] printk: log_buf_len: 262144 bytes
[    0.101210] printk: early log buf free: 115576(88%)
[    0.104618] Dentry cache hash table entries: 4194304 (order: 13, 33554432 bytes, linear)
[    0.106371] Inode-cache hash table entries: 2097152 (order: 12, 16777216 bytes, linear)
[    0.106594] Fallback order for Node 0: 0 
[    0.106598] Built 1 zonelists, mobility grouping on.  Total pages: 8217527
[    0.106599] Policy zone: Normal
[    0.106817] mem auto-init: stack:all(zero), heap alloc:on, heap free:off
[    0.106826] software IO TLB: area num 32.
[    0.210835] Memory: 32554656K/33392504K available (18432K kernel code, 2045K rwdata, 12776K rodata, 3196K init, 4068K bss, 837588K reserved, 0K cma-reserved)
[    0.210998] SLUB: HWalign=64, Order=0-3, MinObjects=0, CPUs=20, Nodes=1
[    0.211010] Kernel/User page tables isolation: enabled
[    0.211045] ftrace: allocating 46890 entries in 184 pages
[    0.211289] ftrace: allocated 184 pages with 4 groups
[    0.211345] BORE (Burst-Oriented Response Enhancer) CPU Scheduler modification 3.0 Beta2 by Masahito Suzuki
[    0.211379] Dynamic Preempt: full
[    0.211427] rcu: Preemptible hierarchical RCU implementation.
[    0.211427] rcu: 	RCU restricting CPUs from NR_CPUS=320 to nr_cpu_ids=20.
[    0.211428] rcu: 	RCU priority boosting: priority 1 delay 500 ms.
[    0.211429] 	Trampoline variant of Tasks RCU enabled.
[    0.211430] 	Rude variant of Tasks RCU enabled.
[    0.211430] 	Tracing variant of Tasks RCU enabled.
[    0.211431] rcu: RCU calculated value of scheduler-enlistment delay is 50 jiffies.
[    0.211432] rcu: Adjusting geometry for rcu_fanout_leaf=16, nr_cpu_ids=20
[    0.214203] NR_IRQS: 20736, nr_irqs: 992, preallocated irqs: 16
[    0.214388] rcu: 	Offload RCU callbacks from CPUs: 0-19.
[    0.214393] rcu: srcu_init: Setting srcu_struct sizes based on contention.
[    0.214498] kfence: initialized - using 2097152 bytes for 255 objects at 0x(____ptrval____)-0x(____ptrval____)
[    0.214544] Console: colour dummy device 80x25
[    0.214547] printk: console [tty0] enabled
[    0.214598] ACPI: Core revision 20230331
[    0.214793] clocksource: hpet: mask: 0xffffffff max_cycles: 0xffffffff, max_idle_ns: 133484882848 ns
[    0.214805] APIC: Switch to symmetric I/O mode setup
[    0.214807] DMAR: Host address width 46
[    0.214808] DMAR: DRHD base: 0x000000fbffd000 flags: 0x0
[    0.214813] DMAR: dmar0: reg_base_addr fbffd000 ver 1:0 cap d2008c10ef0466 ecap f0205b
[    0.214816] DMAR: DRHD base: 0x000000fbffc000 flags: 0x1
[    0.214822] DMAR: dmar1: reg_base_addr fbffc000 ver 1:0 cap d2078c106f0466 ecap f020df
[    0.214824] DMAR: RMRR base: 0x000000773ee000 end: 0x000000773fefff
[    0.214826] DMAR: ATSR flags: 0x0
[    0.214827] DMAR: RHSA base: 0x000000fbffc000 proximity domain: 0x0
[    0.214829] DMAR-IR: IOAPIC id 1 under DRHD base  0xfbffc000 IOMMU 1
[    0.214830] DMAR-IR: IOAPIC id 2 under DRHD base  0xfbffc000 IOMMU 1
[    0.214832] DMAR-IR: HPET id 0 under DRHD base 0xfbffc000
[    0.214833] DMAR-IR: x2apic is disabled because BIOS sets x2apic opt out bit.
[    0.214833] DMAR-IR: Use 'intremap=no_x2apic_optout' to override the BIOS setting.
[    0.215420] DMAR-IR: Enabled IRQ remapping in xapic mode
[    0.215422] x2apic: IRQ remapping doesn't support X2APIC mode
[    0.215425] Switched APIC routing to physical flat.
[    0.215916] ..TIMER: vector=0x30 apic1=0 pin1=2 apic2=-1 pin2=-1
[    0.224807] clocksource: tsc-early: mask: 0xffffffffffffffff max_cycles: 0x29ccd02744b, max_idle_ns: 440795340947 ns
[    0.224812] Calibrating delay loop (skipped), value calculated using timer frequency.. 5799.75 BogoMIPS (lpj=5799756)
[    0.224814] pid_max: default: 32768 minimum: 301
[    0.227341] LSM: initializing lsm=capability,landlock,lockdown,yama,bpf,integrity
[    0.227355] landlock: Up and running.
[    0.227357] Yama: becoming mindful.
[    0.227362] LSM support for eBPF active
[    0.227442] Mount-cache hash table entries: 65536 (order: 7, 524288 bytes, linear)
[    0.227505] Mountpoint-cache hash table entries: 65536 (order: 7, 524288 bytes, linear)
[    0.227733] CPU0: Thermal monitoring enabled (TM1)
[    0.227805] process: using mwait in idle threads
[    0.227808] Last level iTLB entries: 4KB 1024, 2MB 1024, 4MB 1024
[    0.227810] Last level dTLB entries: 4KB 1024, 2MB 1024, 4MB 1024, 1GB 4
[    0.227812] Spectre V1 : Mitigation: usercopy/swapgs barriers and __user pointer sanitization
[    0.227815] Spectre V2 : Mitigation: Retpolines
[    0.227815] Spectre V2 : Spectre v2 / SpectreRSB mitigation: Filling RSB on context switch
[    0.227816] Spectre V2 : Spectre v2 / SpectreRSB : Filling RSB on VMEXIT
[    0.227817] Spectre V2 : Enabling Restricted Speculation for firmware calls
[    0.227818] Spectre V2 : mitigation: Enabling conditional Indirect Branch Prediction Barrier
[    0.227819] Spectre V2 : User space: Mitigation: STIBP via prctl
[    0.227821] Speculative Store Bypass: Mitigation: Speculative Store Bypass disabled via prctl
[    0.227827] MDS: Mitigation: Clear CPU buffers
[    0.227828] MMIO Stale Data: Mitigation: Clear CPU buffers
[    0.241328] Freeing SMP alternatives memory: 48K
[    0.241493] smpboot: CPU0: Intel(R) Xeon(R) CPU E5-2666 v3 @ 2.90GHz (family: 0x6, model: 0x3f, stepping: 0x2)
[    0.241649] cblist_init_generic: Setting adjustable number of callback queues.
[    0.241650] cblist_init_generic: Setting shift to 5 and lim to 1.
[    0.241669] cblist_init_generic: Setting adjustable number of callback queues.
[    0.241670] cblist_init_generic: Setting shift to 5 and lim to 1.
[    0.241683] cblist_init_generic: Setting adjustable number of callback queues.
[    0.241684] cblist_init_generic: Setting shift to 5 and lim to 1.
[    0.241696] Performance Events: PEBS fmt2+, Haswell events, 16-deep LBR, full-width counters, Intel PMU driver.
[    0.241731] ... version:                3
[    0.241732] ... bit width:              48
[    0.241732] ... generic registers:      4
[    0.241733] ... value mask:             0000ffffffffffff
[    0.241734] ... max period:             00007fffffffffff
[    0.241735] ... fixed-purpose events:   3
[    0.241735] ... event mask:             000000070000000f
[    0.241873] Estimated ratio of average max frequency by base frequency (times 1024): 1235
[    0.241902] rcu: Hierarchical SRCU implementation.
[    0.241903] rcu: 	Max phase no-delay instances is 800.
[    0.242810] smp: Bringing up secondary CPUs ...
[    0.242810] x86: Booting SMP configuration:
[    0.242810] .... node  #0, CPUs:        #1  #2  #3  #4  #5  #6  #7  #8  #9 #10
[    0.276925] MDS CPU bug present and SMT on, data leak possible. See https://www.kernel.org/doc/html/latest/admin-guide/hw-vuln/mds.html for more details.
[    0.276925] MMIO Stale Data CPU bug present and SMT on, data leak possible. See https://www.kernel.org/doc/html/latest/admin-guide/hw-vuln/processor_mmio_stale_data.html for more details.
[    0.276993]  #11 #12 #13 #14 #15 #16 #17 #18 #19
[    0.285871] smp: Brought up 1 node, 20 CPUs
[    0.285871] smpboot: Max logical packages: 1
[    0.285871] smpboot: Total of 20 processors activated (115995.12 BogoMIPS)
[    0.287924] devtmpfs: initialized
[    0.287924] x86/mm: Memory block size: 128MB
[    0.290033] ACPI: PM: Registering ACPI NVS region [mem 0x7661d000-0x7706ffff] (10825728 bytes)
[    0.290033] clocksource: jiffies: mask: 0xffffffff max_cycles: 0xffffffff, max_idle_ns: 3822520892550000 ns
[    0.290033] futex hash table entries: 8192 (order: 7, 524288 bytes, linear)
[    0.290033] pinctrl core: initialized pinctrl subsystem
[    0.290033] PM: RTC time: 13:54:58, date: 2023-07-31
[    0.290924] NET: Registered PF_NETLINK/PF_ROUTE protocol family
[    0.291306] DMA: preallocated 4096 KiB GFP_KERNEL pool for atomic allocations
[    0.291618] DMA: preallocated 4096 KiB GFP_KERNEL|GFP_DMA pool for atomic allocations
[    0.291929] DMA: preallocated 4096 KiB GFP_KERNEL|GFP_DMA32 pool for atomic allocations
[    0.291940] audit: initializing netlink subsys (disabled)
[    0.291947] audit: type=2000 audit(1690811698.076:1): state=initialized audit_enabled=0 res=1
[    0.291947] thermal_sys: Registered thermal governor 'fair_share'
[    0.291947] thermal_sys: Registered thermal governor 'bang_bang'
[    0.291947] thermal_sys: Registered thermal governor 'step_wise'
[    0.291947] thermal_sys: Registered thermal governor 'user_space'
[    0.291947] thermal_sys: Registered thermal governor 'power_allocator'
[    0.291947] cpuidle: using governor ladder
[    0.291947] cpuidle: using governor menu
[    0.291947] ACPI FADT declares the system doesn't support PCIe ASPM, so disable it
[    0.291947] acpiphp: ACPI Hot Plug PCI Controller Driver version: 0.5
[    0.291947] PCI: MMCONFIG for domain 0000 [bus 00-ff] at [mem 0x80000000-0x8fffffff] (base 0x80000000)
[    0.291947] PCI: not using MMCONFIG
[    0.291947] PCI: Using configuration type 1 for base access
[    0.291947] core: PMU erratum BJ122, BV98, HSD29 worked around, HT is on
[    0.291947] ENERGY_PERF_BIAS: Set to 'normal', was 'performance'
[    0.292886] kprobes: kprobe jump-optimization is enabled. All kprobes are optimized if possible.
[    0.292903] HugeTLB: registered 1.00 GiB page size, pre-allocated 0 pages
[    0.292903] HugeTLB: 16380 KiB vmemmap can be freed for a 1.00 GiB page
[    0.292903] HugeTLB: registered 2.00 MiB page size, pre-allocated 0 pages
[    0.292903] HugeTLB: 28 KiB vmemmap can be freed for a 2.00 MiB page
[    0.293027] ACPI: Added _OSI(Module Device)
[    0.293027] ACPI: Added _OSI(Processor Device)
[    0.293027] ACPI: Added _OSI(3.0 _SCP Extensions)
[    0.293027] ACPI: Added _OSI(Processor Aggregator Device)
[    0.351517] ACPI: 3 ACPI AML tables successfully acquired and loaded
[    0.355228] ACPI: [Firmware Bug]: BIOS _OSI(Linux) query ignored
[    0.386854] ACPI: Interpreter enabled
[    0.386870] ACPI: PM: (supports S0 S4 S5)
[    0.386872] ACPI: Using IOAPIC for interrupt routing
[    0.389299] PCI: MMCONFIG for domain 0000 [bus 00-ff] at [mem 0x80000000-0x8fffffff] (base 0x80000000)
[    0.394926] [Firmware Info]: PCI: MMCONFIG at [mem 0x80000000-0x8fffffff] not reserved in ACPI motherboard resources
[    0.394928] PCI: MMCONFIG at [mem 0x80000000-0x8fffffff] reserved as EfiMemoryMappedIO
[    0.394943] PCI: Using host bridge windows from ACPI; if necessary, use "pci=nocrs" and report a bug
[    0.394944] PCI: Using E820 reservations for host bridge windows
[    0.395731] ACPI: Enabled 4 GPEs in block 00 to 3F
[    0.436675] ACPI: PCI Root Bridge [UNC0] (domain 0000 [bus ff])
[    0.436680] acpi PNP0A03:03: _OSC: OS supports [ExtendedConfig ASPM ClockPM Segments MSI EDR HPX-Type3]
[    0.438659] acpi PNP0A03:03: _OSC: platform does not support [SHPCHotplug LTR DPC]
[    0.439868] acpi PNP0A03:03: _OSC: OS now controls [PCIeHotplug PME AER PCIeCapability]
[    0.439870] acpi PNP0A03:03: FADT indicates ASPM is unsupported, using BIOS configuration
[    0.439912] PCI host bridge to bus 0000:ff
[    0.439913] pci_bus 0000:ff: root bus resource [bus ff]
[    0.439927] pci 0000:ff:0b.0: [8086:2f81] type 00 class 0x088000
[    0.440002] pci 0000:ff:0b.1: [8086:2f36] type 00 class 0x110100
[    0.440063] pci 0000:ff:0b.2: [8086:2f37] type 00 class 0x110100
[    0.440124] pci 0000:ff:0c.0: [8086:2fe0] type 00 class 0x088000
[    0.440183] pci 0000:ff:0c.1: [8086:2fe1] type 00 class 0x088000
[    0.440240] pci 0000:ff:0c.2: [8086:2fe2] type 00 class 0x088000
[    0.440298] pci 0000:ff:0c.3: [8086:2fe3] type 00 class 0x088000
[    0.440357] pci 0000:ff:0c.4: [8086:2fe4] type 00 class 0x088000
[    0.440418] pci 0000:ff:0c.5: [8086:2fe5] type 00 class 0x088000
[    0.440476] pci 0000:ff:0c.6: [8086:2fe6] type 00 class 0x088000
[    0.440535] pci 0000:ff:0c.7: [8086:2fe7] type 00 class 0x088000
[    0.440593] pci 0000:ff:0d.0: [8086:2fe8] type 00 class 0x088000
[    0.440650] pci 0000:ff:0d.1: [8086:2fe9] type 00 class 0x088000
[    0.440711] pci 0000:ff:0f.0: [8086:2ff8] type 00 class 0x088000
[    0.440769] pci 0000:ff:0f.1: [8086:2ff9] type 00 class 0x088000
[    0.440832] pci 0000:ff:0f.2: [8086:2ffa] type 00 class 0x088000
[    0.440895] pci 0000:ff:0f.3: [8086:2ffb] type 00 class 0x088000
[    0.440953] pci 0000:ff:0f.4: [8086:2ffc] type 00 class 0x088000
[    0.441011] pci 0000:ff:0f.5: [8086:2ffd] type 00 class 0x088000
[    0.441070] pci 0000:ff:0f.6: [8086:2ffe] type 00 class 0x088000
[    0.441129] pci 0000:ff:10.0: [8086:2f1d] type 00 class 0x088000
[    0.441188] pci 0000:ff:10.1: [8086:2f34] type 00 class 0x110100
[    0.441247] pci 0000:ff:10.5: [8086:2f1e] type 00 class 0x088000
[    0.441305] pci 0000:ff:10.6: [8086:2f7d] type 00 class 0x110100
[    0.441366] pci 0000:ff:10.7: [8086:2f1f] type 00 class 0x088000
[    0.441424] pci 0000:ff:12.0: [8086:2fa0] type 00 class 0x088000
[    0.441484] pci 0000:ff:12.1: [8086:2f30] type 00 class 0x110100
[    0.441545] pci 0000:ff:12.4: [8086:2f60] type 00 class 0x088000
[    0.441610] pci 0000:ff:12.5: [8086:2f38] type 00 class 0x110100
[    0.441673] pci 0000:ff:13.0: [8086:2fa8] type 00 class 0x088000
[    0.441736] pci 0000:ff:13.1: [8086:2f71] type 00 class 0x088000
[    0.441799] pci 0000:ff:13.2: [8086:2faa] type 00 class 0x088000
[    0.441866] pci 0000:ff:13.3: [8086:2fab] type 00 class 0x088000
[    0.441929] pci 0000:ff:13.6: [8086:2fae] type 00 class 0x088000
[    0.441989] pci 0000:ff:13.7: [8086:2faf] type 00 class 0x088000
[    0.442050] pci 0000:ff:14.0: [8086:2fb0] type 00 class 0x088000
[    0.442112] pci 0000:ff:14.1: [8086:2fb1] type 00 class 0x088000
[    0.442175] pci 0000:ff:14.2: [8086:2fb2] type 00 class 0x088000
[    0.442238] pci 0000:ff:14.3: [8086:2fb3] type 00 class 0x088000
[    0.442300] pci 0000:ff:14.4: [8086:2fbc] type 00 class 0x088000
[    0.442364] pci 0000:ff:14.5: [8086:2fbd] type 00 class 0x088000
[    0.442424] pci 0000:ff:14.6: [8086:2fbe] type 00 class 0x088000
[    0.442485] pci 0000:ff:14.7: [8086:2fbf] type 00 class 0x088000
[    0.442550] pci 0000:ff:16.0: [8086:2f68] type 00 class 0x088000
[    0.442613] pci 0000:ff:16.1: [8086:2f79] type 00 class 0x088000
[    0.442677] pci 0000:ff:16.2: [8086:2f6a] type 00 class 0x088000
[    0.442740] pci 0000:ff:16.3: [8086:2f6b] type 00 class 0x088000
[    0.442804] pci 0000:ff:16.6: [8086:2f6e] type 00 class 0x088000
[    0.442871] pci 0000:ff:16.7: [8086:2f6f] type 00 class 0x088000
[    0.442932] pci 0000:ff:17.0: [8086:2fd0] type 00 class 0x088000
[    0.442996] pci 0000:ff:17.1: [8086:2fd1] type 00 class 0x088000
[    0.443059] pci 0000:ff:17.2: [8086:2fd2] type 00 class 0x088000
[    0.443124] pci 0000:ff:17.3: [8086:2fd3] type 00 class 0x088000
[    0.443188] pci 0000:ff:17.4: [8086:2fb8] type 00 class 0x088000
[    0.443248] pci 0000:ff:17.5: [8086:2fb9] type 00 class 0x088000
[    0.443309] pci 0000:ff:17.6: [8086:2fba] type 00 class 0x088000
[    0.443373] pci 0000:ff:17.7: [8086:2fbb] type 00 class 0x088000
[    0.443438] pci 0000:ff:1e.0: [8086:2f98] type 00 class 0x088000
[    0.443498] pci 0000:ff:1e.1: [8086:2f99] type 00 class 0x088000
[    0.443557] pci 0000:ff:1e.2: [8086:2f9a] type 00 class 0x088000
[    0.443619] pci 0000:ff:1e.3: [8086:2fc0] type 00 class 0x088000
[    0.443648] pci 0000:ff:1e.4: [8086:2f9c] type 00 class 0x088000
[    0.443710] pci 0000:ff:1f.0: [8086:2f88] type 00 class 0x088000
[    0.443771] pci 0000:ff:1f.2: [8086:2f8a] type 00 class 0x088000
[    0.450479] ACPI: PCI Root Bridge [PCI0] (domain 0000 [bus 00-fe])
[    0.450484] acpi PNP0A08:00: _OSC: OS supports [ExtendedConfig ASPM ClockPM Segments MSI EDR HPX-Type3]
[    0.450742] acpi PNP0A08:00: _OSC: platform does not support [SHPCHotplug LTR DPC]
[    0.451230] acpi PNP0A08:00: _OSC: OS now controls [PCIeHotplug PME AER PCIeCapability]
[    0.451232] acpi PNP0A08:00: FADT indicates ASPM is unsupported, using BIOS configuration
[    0.451796] PCI host bridge to bus 0000:00
[    0.451798] pci_bus 0000:00: root bus resource [io  0x0000-0x0cf7 window]
[    0.451800] pci_bus 0000:00: root bus resource [io  0x1000-0xffff window]
[    0.451801] pci_bus 0000:00: root bus resource [mem 0x000a0000-0x000bffff window]
[    0.451803] pci_bus 0000:00: root bus resource [mem 0x90000000-0xfbffbfff window]
[    0.451804] pci_bus 0000:00: root bus resource [mem 0x380000000000-0x383fffffffff window]
[    0.451806] pci_bus 0000:00: root bus resource [bus 00-fe]
[    0.451831] pci 0000:00:00.0: [8086:2f00] type 00 class 0x060000
[    0.451980] pci 0000:00:01.0: [8086:2f02] type 01 class 0x060400
[    0.452054] pci 0000:00:01.0: PME# supported from D0 D3hot D3cold
[    0.452286] pci 0000:00:01.1: [8086:2f03] type 01 class 0x060400
[    0.452360] pci 0000:00:01.1: PME# supported from D0 D3hot D3cold
[    0.452478] pci 0000:00:02.0: [8086:2f04] type 01 class 0x060400
[    0.452550] pci 0000:00:02.0: PME# supported from D0 D3hot D3cold
[    0.452773] pci 0000:00:03.0: [8086:2f08] type 01 class 0x060400
[    0.452847] pci 0000:00:03.0: PME# supported from D0 D3hot D3cold
[    0.453063] pci 0000:00:05.0: [8086:2f28] type 00 class 0x088000
[    0.453165] pci 0000:00:05.1: [8086:2f29] type 00 class 0x088000
[    0.453295] pci 0000:00:05.2: [8086:2f2a] type 00 class 0x088000
[    0.453390] pci 0000:00:05.4: [8086:2f2c] type 00 class 0x080020
[    0.453405] pci 0000:00:05.4: reg 0x10: [mem 0xfbf02000-0xfbf02fff]
[    0.453524] pci 0000:00:14.0: [8086:8c31] type 00 class 0x0c0330
[    0.453550] pci 0000:00:14.0: reg 0x10: [mem 0x383ffff00000-0x383ffff0ffff 64bit]
[    0.453627] pci 0000:00:14.0: PME# supported from D3hot D3cold
[    0.453730] pci 0000:00:1a.0: [8086:8c2d] type 00 class 0x0c0320
[    0.453754] pci 0000:00:1a.0: reg 0x10: [mem 0xfbf01000-0xfbf013ff]
[    0.453864] pci 0000:00:1a.0: PME# supported from D0 D3hot D3cold
[    0.453948] pci 0000:00:1b.0: [8086:8c20] type 00 class 0x040300
[    0.453971] pci 0000:00:1b.0: reg 0x10: [mem 0x383ffff10000-0x383ffff13fff 64bit]
[    0.454043] pci 0000:00:1b.0: PME# supported from D0 D3hot D3cold
[    0.454123] pci 0000:00:1c.0: [8086:8c10] type 01 class 0x060400
[    0.454216] pci 0000:00:1c.0: PME# supported from D0 D3hot D3cold
[    0.454307] pci 0000:00:1c.2: [8086:8c14] type 01 class 0x060400
[    0.454402] pci 0000:00:1c.2: PME# supported from D0 D3hot D3cold
[    0.454503] pci 0000:00:1d.0: [8086:8c26] type 00 class 0x0c0320
[    0.454527] pci 0000:00:1d.0: reg 0x10: [mem 0xfbf00000-0xfbf003ff]
[    0.454637] pci 0000:00:1d.0: PME# supported from D0 D3hot D3cold
[    0.454721] pci 0000:00:1f.0: [8086:8c4e] type 00 class 0x060100
[    0.454936] pci 0000:00:1f.3: [8086:8c22] type 00 class 0x0c0500
[    0.454958] pci 0000:00:1f.3: reg 0x10: [mem 0x383ffff15000-0x383ffff150ff 64bit]
[    0.454980] pci 0000:00:1f.3: reg 0x20: [io  0xf000-0xf01f]
[    0.455214] pci 0000:00:01.0: PCI bridge to [bus 01]
[    0.458850] pci 0000:02:00.0: [10ec:5765] type 00 class 0x010802
[    0.458878] pci 0000:02:00.0: reg 0x10: [mem 0xfbe00000-0xfbe03fff 64bit]
[    0.458925] pci 0000:02:00.0: reg 0x24: [mem 0xfbe04000-0xfbe05fff]
[    0.458942] pci 0000:02:00.0: enabling Extended Tags
[    0.459142] pci 0000:00:01.1: PCI bridge to [bus 02]
[    0.459146] pci 0000:00:01.1:   bridge window [mem 0xfbe00000-0xfbefffff]
[    0.459332] pci 0000:03:00.0: [1002:1478] type 01 class 0x060400
[    0.459352] pci 0000:03:00.0: reg 0x10: [mem 0xfbc00000-0xfbc03fff]
[    0.459390] pci 0000:03:00.0: enabling Extended Tags
[    0.459462] pci 0000:03:00.0: PME# supported from D0 D3hot D3cold
[    0.459520] pci 0000:03:00.0: 63.008 Gb/s available PCIe bandwidth, limited by 8.0 GT/s PCIe x8 link at 0000:00:02.0 (capable of 126.024 Gb/s with 16.0 GT/s PCIe x8 link)
[    0.459608] pci 0000:00:02.0: PCI bridge to [bus 03-05]
[    0.459611] pci 0000:00:02.0:   bridge window [io  0xe000-0xefff]
[    0.459613] pci 0000:00:02.0:   bridge window [mem 0xfba00000-0xfbcfffff]
[    0.459616] pci 0000:00:02.0:   bridge window [mem 0x383fe0000000-0x383ff01fffff 64bit pref]
[    0.459655] pci 0000:04:00.0: [1002:1479] type 01 class 0x060400
[    0.459712] pci 0000:04:00.0: enabling Extended Tags
[    0.459782] pci 0000:04:00.0: PME# supported from D0 D3hot D3cold
[    0.459896] pci 0000:03:00.0: PCI bridge to [bus 04-05]
[    0.459900] pci 0000:03:00.0:   bridge window [io  0xe000-0xefff]
[    0.459903] pci 0000:03:00.0:   bridge window [mem 0xfba00000-0xfbbfffff]
[    0.459907] pci 0000:03:00.0:   bridge window [mem 0x383fe0000000-0x383ff01fffff 64bit pref]
[    0.459943] pci 0000:05:00.0: [1002:73ff] type 00 class 0x030000
[    0.459969] pci 0000:05:00.0: reg 0x10: [mem 0x383fe0000000-0x383fefffffff 64bit pref]
[    0.459987] pci 0000:05:00.0: reg 0x18: [mem 0x383ff0000000-0x383ff01fffff 64bit pref]
[    0.459999] pci 0000:05:00.0: reg 0x20: [io  0xe000-0xe0ff]
[    0.460012] pci 0000:05:00.0: reg 0x24: [mem 0xfba00000-0xfbafffff]
[    0.460024] pci 0000:05:00.0: reg 0x30: [mem 0xfbb00000-0xfbb1ffff pref]
[    0.460030] pci 0000:05:00.0: enabling Extended Tags
[    0.460056] pci 0000:05:00.0: BAR 0: assigned to efifb
[    0.460103] pci 0000:05:00.0: PME# supported from D1 D2 D3hot D3cold
[    0.460162] pci 0000:05:00.0: 63.008 Gb/s available PCIe bandwidth, limited by 8.0 GT/s PCIe x8 link at 0000:00:02.0 (capable of 252.048 Gb/s with 16.0 GT/s PCIe x16 link)
[    0.460223] pci 0000:05:00.1: [1002:ab28] type 00 class 0x040300
[    0.460238] pci 0000:05:00.1: reg 0x10: [mem 0xfbb20000-0xfbb23fff]
[    0.460283] pci 0000:05:00.1: enabling Extended Tags
[    0.460335] pci 0000:05:00.1: PME# supported from D1 D2 D3hot D3cold
[    0.460420] pci 0000:04:00.0: PCI bridge to [bus 05]
[    0.460424] pci 0000:04:00.0:   bridge window [io  0xe000-0xefff]
[    0.460427] pci 0000:04:00.0:   bridge window [mem 0xfba00000-0xfbbfffff]
[    0.460431] pci 0000:04:00.0:   bridge window [mem 0x383fe0000000-0x383ff01fffff 64bit pref]
[    0.460613] pci 0000:00:03.0: PCI bridge to [bus 06]
[    0.460650] pci 0000:00:1c.0: PCI bridge to [bus 07]
[    0.460717] pci 0000:08:00.0: [10ec:8168] type 00 class 0x020000
[    0.460745] pci 0000:08:00.0: reg 0x10: [io  0xd000-0xd0ff]
[    0.460787] pci 0000:08:00.0: reg 0x18: [mem 0xfbd04000-0xfbd04fff 64bit]
[    0.460812] pci 0000:08:00.0: reg 0x20: [mem 0xfbd00000-0xfbd03fff 64bit]
[    0.460922] pci 0000:08:00.0: supports D1 D2
[    0.460923] pci 0000:08:00.0: PME# supported from D0 D1 D2 D3hot D3cold
[    0.461092] pci 0000:00:1c.2: PCI bridge to [bus 08]
[    0.461095] pci 0000:00:1c.2:   bridge window [io  0xd000-0xdfff]
[    0.461098] pci 0000:00:1c.2:   bridge window [mem 0xfbd00000-0xfbdfffff]
[    0.461148] pci_bus 0000:00: on NUMA node 0
[    0.461914] ACPI: PCI: Interrupt link LNKA configured for IRQ 0
[    0.461916] ACPI: PCI: Interrupt link LNKA disabled
[    0.461966] ACPI: PCI: Interrupt link LNKB configured for IRQ 0
[    0.461967] ACPI: PCI: Interrupt link LNKB disabled
[    0.462017] ACPI: PCI: Interrupt link LNKC configured for IRQ 0
[    0.462017] ACPI: PCI: Interrupt link LNKC disabled
[    0.462067] ACPI: PCI: Interrupt link LNKD configured for IRQ 0
[    0.462068] ACPI: PCI: Interrupt link LNKD disabled
[    0.462117] ACPI: PCI: Interrupt link LNKE configured for IRQ 0
[    0.462118] ACPI: PCI: Interrupt link LNKE disabled
[    0.462167] ACPI: PCI: Interrupt link LNKF configured for IRQ 0
[    0.462168] ACPI: PCI: Interrupt link LNKF disabled
[    0.462217] ACPI: PCI: Interrupt link LNKG configured for IRQ 0
[    0.462217] ACPI: PCI: Interrupt link LNKG disabled
[    0.462266] ACPI: PCI: Interrupt link LNKH configured for IRQ 0
[    0.462267] ACPI: PCI: Interrupt link LNKH disabled
[    0.462832] iommu: Default domain type: Translated 
[    0.462832] iommu: DMA domain TLB invalidation policy: lazy mode 
[    0.462991] SCSI subsystem initialized
[    0.462999] libata version 3.00 loaded.
[    0.462999] ACPI: bus type USB registered
[    0.462999] usbcore: registered new interface driver usbfs
[    0.462999] usbcore: registered new interface driver hub
[    0.462999] usbcore: registered new device driver usb
[    0.462999] pps_core: LinuxPPS API ver. 1 registered
[    0.462999] pps_core: Software ver. 5.3.6 - Copyright 2005-2007 Rodolfo Giometti <giometti@linux.it>
[    0.462999] PTP clock support registered
[    0.462999] EDAC MC: Ver: 3.0.0
[    0.468846] efivars: Registered efivars operations
[    0.468960] NetLabel: Initializing
[    0.468961] NetLabel:  domain hash size = 128
[    0.468962] NetLabel:  protocols = UNLABELED CIPSOv4 CALIPSO
[    0.468973] NetLabel:  unlabeled traffic allowed by default
[    0.468976] mctp: management component transport protocol core
[    0.468977] NET: Registered PF_MCTP protocol family
[    0.468984] PCI: Using ACPI for IRQ routing
[    0.474377] PCI: pci_cache_line_size set to 64 bytes
[    0.480872] e820: reserve RAM buffer [mem 0x0003f000-0x0003ffff]
[    0.480874] e820: reserve RAM buffer [mem 0x6fca6018-0x6fffffff]
[    0.480875] e820: reserve RAM buffer [mem 0x6fcb8018-0x6fffffff]
[    0.480876] e820: reserve RAM buffer [mem 0x72902000-0x73ffffff]
[    0.480877] e820: reserve RAM buffer [mem 0x75858000-0x77ffffff]
[    0.480878] e820: reserve RAM buffer [mem 0x77593000-0x77ffffff]
[    0.480910] pci 0000:05:00.0: vgaarb: setting as boot VGA device
[    0.480910] pci 0000:05:00.0: vgaarb: bridge control possible
[    0.480910] pci 0000:05:00.0: vgaarb: VGA device added: decodes=io+mem,owns=none,locks=none
[    0.480910] vgaarb: loaded
[    0.481803] hpet0: at MMIO 0xfed00000, IRQs 2, 8, 0, 0, 0, 0, 0, 0
[    0.481809] hpet0: 8 comparators, 64-bit 14.318180 MHz counter
[    0.483886] clocksource: Switched to clocksource tsc-early
[    0.492256] VFS: Disk quotas dquot_6.6.0
[    0.492270] VFS: Dquot-cache hash table entries: 512 (order 0, 4096 bytes)
[    0.492338] pnp: PnP ACPI init
[    0.492773] system 00:01: [io  0x0500-0x057f] has been reserved
[    0.492776] system 00:01: [io  0x0400-0x047f] has been reserved
[    0.492778] system 00:01: [io  0x0580-0x059f] has been reserved
[    0.492779] system 00:01: [io  0x0600-0x061f] has been reserved
[    0.492781] system 00:01: [io  0x0880-0x0883] has been reserved
[    0.492782] system 00:01: [io  0x0800-0x081f] has been reserved
[    0.492785] system 00:01: [mem 0xfed1c000-0xfed3ffff] has been reserved
[    0.492787] system 00:01: [mem 0xfed45000-0xfed8bfff] has been reserved
[    0.492789] system 00:01: [mem 0xff000000-0xffffffff] has been reserved
[    0.492791] system 00:01: [mem 0xfee00000-0xfeefffff] has been reserved
[    0.492793] system 00:01: [mem 0xfed12000-0xfed1200f] has been reserved
[    0.492795] system 00:01: [mem 0xfed12010-0xfed1201f] has been reserved
[    0.492796] system 00:01: [mem 0xfed1b000-0xfed1bfff] has been reserved
[    0.493002] system 00:02: [io  0x0a00-0x0a0f] has been reserved
[    0.493004] system 00:02: [io  0x0a10-0x0a1f] has been reserved
[    0.493006] system 00:02: [io  0x0a20-0x0a2f] has been reserved
[    0.493007] system 00:02: [io  0x0a30-0x0a3f] has been reserved
[    0.493261] pnp 00:03: [dma 0 disabled]
[    0.493706] pnp: PnP ACPI: found 4 devices
[    0.499340] clocksource: acpi_pm: mask: 0xffffff max_cycles: 0xffffff, max_idle_ns: 2085701024 ns
[    0.499402] NET: Registered PF_INET protocol family
[    0.499654] IP idents hash table entries: 262144 (order: 9, 2097152 bytes, linear)
[    0.503000] tcp_listen_portaddr_hash hash table entries: 16384 (order: 6, 262144 bytes, linear)
[    0.503049] Table-perturb hash table entries: 65536 (order: 6, 262144 bytes, linear)
[    0.503273] TCP established hash table entries: 262144 (order: 9, 2097152 bytes, linear)
[    0.503642] TCP bind hash table entries: 65536 (order: 9, 2097152 bytes, linear)
[    0.503904] TCP: Hash tables configured (established 262144 bind 65536)
[    0.504082] MPTCP token hash table entries: 32768 (order: 7, 786432 bytes, linear)
[    0.504246] UDP hash table entries: 16384 (order: 7, 524288 bytes, linear)
[    0.504345] UDP-Lite hash table entries: 16384 (order: 7, 524288 bytes, linear)
[    0.504442] NET: Registered PF_UNIX/PF_LOCAL protocol family
[    0.504448] NET: Registered PF_XDP protocol family
[    0.504476] pci 0000:00:01.0: PCI bridge to [bus 01]
[    0.504497] pci 0000:00:01.1: PCI bridge to [bus 02]
[    0.504503] pci 0000:00:01.1:   bridge window [mem 0xfbe00000-0xfbefffff]
[    0.504517] pci 0000:04:00.0: PCI bridge to [bus 05]
[    0.504523] pci 0000:04:00.0:   bridge window [io  0xe000-0xefff]
[    0.504531] pci 0000:04:00.0:   bridge window [mem 0xfba00000-0xfbbfffff]
[    0.504537] pci 0000:04:00.0:   bridge window [mem 0x383fe0000000-0x383ff01fffff 64bit pref]
[    0.504547] pci 0000:03:00.0: PCI bridge to [bus 04-05]
[    0.504549] pci 0000:03:00.0:   bridge window [io  0xe000-0xefff]
[    0.504557] pci 0000:03:00.0:   bridge window [mem 0xfba00000-0xfbbfffff]
[    0.504563] pci 0000:03:00.0:   bridge window [mem 0x383fe0000000-0x383ff01fffff 64bit pref]
[    0.504573] pci 0000:00:02.0: PCI bridge to [bus 03-05]
[    0.504574] pci 0000:00:02.0:   bridge window [io  0xe000-0xefff]
[    0.504581] pci 0000:00:02.0:   bridge window [mem 0xfba00000-0xfbcfffff]
[    0.504586] pci 0000:00:02.0:   bridge window [mem 0x383fe0000000-0x383ff01fffff 64bit pref]
[    0.504595] pci 0000:00:03.0: PCI bridge to [bus 06]
[    0.504614] pci 0000:00:1c.0: PCI bridge to [bus 07]
[    0.504635] pci 0000:00:1c.2: PCI bridge to [bus 08]
[    0.504636] pci 0000:00:1c.2:   bridge window [io  0xd000-0xdfff]
[    0.504644] pci 0000:00:1c.2:   bridge window [mem 0xfbd00000-0xfbdfffff]
[    0.504659] pci_bus 0000:00: resource 4 [io  0x0000-0x0cf7 window]
[    0.504661] pci_bus 0000:00: resource 5 [io  0x1000-0xffff window]
[    0.504662] pci_bus 0000:00: resource 6 [mem 0x000a0000-0x000bffff window]
[    0.504664] pci_bus 0000:00: resource 7 [mem 0x90000000-0xfbffbfff window]
[    0.504665] pci_bus 0000:00: resource 8 [mem 0x380000000000-0x383fffffffff window]
[    0.504667] pci_bus 0000:02: resource 1 [mem 0xfbe00000-0xfbefffff]
[    0.504668] pci_bus 0000:03: resource 0 [io  0xe000-0xefff]
[    0.504669] pci_bus 0000:03: resource 1 [mem 0xfba00000-0xfbcfffff]
[    0.504671] pci_bus 0000:03: resource 2 [mem 0x383fe0000000-0x383ff01fffff 64bit pref]
[    0.504672] pci_bus 0000:04: resource 0 [io  0xe000-0xefff]
[    0.504673] pci_bus 0000:04: resource 1 [mem 0xfba00000-0xfbbfffff]
[    0.504675] pci_bus 0000:04: resource 2 [mem 0x383fe0000000-0x383ff01fffff 64bit pref]
[    0.504676] pci_bus 0000:05: resource 0 [io  0xe000-0xefff]
[    0.504677] pci_bus 0000:05: resource 1 [mem 0xfba00000-0xfbbfffff]
[    0.504679] pci_bus 0000:05: resource 2 [mem 0x383fe0000000-0x383ff01fffff 64bit pref]
[    0.504680] pci_bus 0000:08: resource 0 [io  0xd000-0xdfff]
[    0.504682] pci_bus 0000:08: resource 1 [mem 0xfbd00000-0xfbdfffff]
[    0.504886] pci 0000:00:05.0: disabled boot interrupts on device [8086:2f28]
[    0.510639] pci 0000:02:00.0: CLS mismatch (64 != 32), using 64 bytes
[    0.510674] pci 0000:05:00.1: D0 power state depends on 0000:05:00.0
[    0.510713] PCI-DMA: Using software bounce buffering for IO (SWIOTLB)
[    0.510714] software IO TLB: mapped [mem 0x00000000663df000-0x000000006a3df000] (64MB)
[    0.510729] Trying to unpack rootfs image as initramfs...
[    0.517036] Initialise system trusted keyrings
[    0.517045] Key type blacklist registered
[    0.517124] workingset: timestamp_bits=41 max_order=23 bucket_order=0
[    0.517137] zbud: loaded
[    0.517287] integrity: Platform Keyring initialized
[    0.517291] integrity: Machine keyring initialized
[    0.527404] Key type asymmetric registered
[    0.527407] Asymmetric key parser 'x509' registered
[    0.527427] Block layer SCSI generic (bsg) driver version 0.4 loaded (major 242)
[    0.527495] io scheduler mq-deadline registered
[    0.527496] io scheduler kyber registered
[    0.527506] io scheduler bfq registered
[    0.527506] BFQ I/O-scheduler: BFQ-CachyOS v6.4 (with cgroups support)
[    0.528914] pcieport 0000:00:01.0: PME: Signaling with IRQ 25
[    0.528996] pcieport 0000:00:01.0: AER: enabled with IRQ 25
[    0.529321] pcieport 0000:00:01.1: PME: Signaling with IRQ 26
[    0.529407] pcieport 0000:00:01.1: AER: enabled with IRQ 26
[    0.529731] pcieport 0000:00:02.0: PME: Signaling with IRQ 28
[    0.529800] pcieport 0000:00:02.0: AER: enabled with IRQ 28
[    0.530110] pcieport 0000:00:03.0: PME: Signaling with IRQ 30
[    0.530177] pcieport 0000:00:03.0: AER: enabled with IRQ 30
[    0.530431] pcieport 0000:00:1c.0: PME: Signaling with IRQ 31
[    0.530666] pcieport 0000:00:1c.2: PME: Signaling with IRQ 32
[    0.531092] shpchp: Standard Hot Plug PCI Controller Driver version: 0.4
[    0.531197] Monitor-Mwait will be used to enter C-1 state
[    0.531208] Monitor-Mwait will be used to enter C-2 state
[    0.531213] ACPI: \_SB_.SCK0.CP00: Found 2 idle states
[    0.538863] input: Power Button as /devices/LNXSYSTM:00/LNXSYBUS:00/PNP0C0C:00/input/input0
[    0.538886] ACPI: button: Power Button [PWRB]
[    0.538913] input: Power Button as /devices/LNXSYSTM:00/LNXPWRBN:00/input/input1
[    0.539070] ACPI: button: Power Button [PWRF]
[    0.543634] Serial: 8250/16550 driver, 32 ports, IRQ sharing enabled
[    0.543769] 00:03: ttyS0 at I/O 0x3f8 (irq = 4, base_baud = 115200) is a 16550A
[    0.546008] Non-volatile memory driver v1.3
[    0.546010] Linux agpgart interface v0.103
[    0.546071] AMD-Vi: AMD IOMMUv2 functionality not available on this system - This is not a bug.
[    0.550836] ACPI: bus type drm_connector registered
[    0.551501] usbcore: registered new interface driver usbserial_generic
[    0.551506] usbserial: USB Serial support registered for generic
[    0.551564] rtc_cmos 00:00: RTC can wake from S4
[    0.551614] ehci-pci 0000:00:1a.0: EHCI Host Controller
[    0.551621] ehci-pci 0000:00:1a.0: new USB bus registered, assigned bus number 1
[    0.551636] ehci-pci 0000:00:1a.0: debug port 2
[    0.551803] rtc_cmos 00:00: registered as rtc0
[    0.551842] rtc_cmos 00:00: setting system clock to 2023-07-31T13:54:58 UTC (1690811698)
[    0.551865] rtc_cmos 00:00: alarms up to one month, y3k, 114 bytes nvram
[    0.554543] intel_pstate: Intel P-state driver initializing
[    0.555570] ehci-pci 0000:00:1a.0: irq 18, io mem 0xfbf01000
[    0.558515] ledtrig-cpu: registered to indicate activity on CPUs
[    0.558797] efifb: probing for efifb
[    0.558807] efifb: framebuffer at 0x383fe0000000, using 5120k, total 5120k
[    0.558808] efifb: mode is 1280x1024x32, linelength=5120, pages=1
[    0.558810] efifb: scrolling: redraw
[    0.558811] efifb: Truecolor: size=8:8:8:8, shift=24:16:8:0
[    0.558878] fbcon: Deferring console take-over
[    0.558880] fb0: EFI VGA frame buffer device
[    0.558907] hid: raw HID events driver (C) Jiri Kosina
[    0.559097] drop_monitor: Initializing network drop monitor service
[    0.559176] Initializing XFRM netlink socket
[    0.559204] NET: Registered PF_INET6 protocol family
[    0.564422] ehci-pci 0000:00:1a.0: USB 2.0 started, EHCI 1.00
[    0.564476] usb usb1: New USB device found, idVendor=1d6b, idProduct=0002, bcdDevice= 6.04
[    0.564479] usb usb1: New USB device strings: Mfr=3, Product=2, SerialNumber=1
[    0.564480] usb usb1: Product: EHCI Host Controller
[    0.564482] usb usb1: Manufacturer: Linux 6.4.7-1-cachyos-lto ehci_hcd
[    0.564483] usb usb1: SerialNumber: 0000:00:1a.0
[    0.564590] hub 1-0:1.0: USB hub found
[    0.564596] hub 1-0:1.0: 2 ports detected
[    0.564784] ehci-pci 0000:00:1d.0: EHCI Host Controller
[    0.564789] ehci-pci 0000:00:1d.0: new USB bus registered, assigned bus number 2
[    0.564799] ehci-pci 0000:00:1d.0: debug port 2
[    0.568712] ehci-pci 0000:00:1d.0: irq 18, io mem 0xfbf00000
[    0.578421] ehci-pci 0000:00:1d.0: USB 2.0 started, EHCI 1.00
[    0.578464] usb usb2: New USB device found, idVendor=1d6b, idProduct=0002, bcdDevice= 6.04
[    0.578467] usb usb2: New USB device strings: Mfr=3, Product=2, SerialNumber=1
[    0.578468] usb usb2: Product: EHCI Host Controller
[    0.578470] usb usb2: Manufacturer: Linux 6.4.7-1-cachyos-lto ehci_hcd
[    0.578471] usb usb2: SerialNumber: 0000:00:1d.0
[    0.578591] hub 2-0:1.0: USB hub found
[    0.578596] hub 2-0:1.0: 2 ports detected
[    0.640237] Freeing initrd memory: 41980K
[    0.646146] Segment Routing with IPv6
[    0.646148] RPL Segment Routing with IPv6
[    0.646160] In-situ OAM (IOAM) with IPv6
[    0.646194] NET: Registered PF_PACKET protocol family
[    0.647851] microcode: Microcode Update Driver: v2.2.
[    0.647983] resctrl: L3 allocation detected
[    0.647985] resctrl: L3 monitoring detected
[    0.647990] IPI shorthand broadcast: enabled
[    0.649774] sched_clock: Marking stable (648001978, 388459)->(659366716, -10976279)
[    0.660919] registered taskstats version 1
[    0.661508] Loading compiled-in X.509 certificates
[    0.663858] Loaded X.509 cert 'Build time autogenerated kernel key: 3b9a669270b0c25a5a6b07a2ec33ca2081969c99'
[    0.665380] Key type .fscrypt registered
[    0.665382] Key type fscrypt-provisioning registered
[    0.665818] PM:   Magic number: 15:605:939
[    0.668643] RAS: Correctable Errors collector initialized.
[    0.668692] clk: Disabling unused clocks
[    0.670054] Freeing unused decrypted memory: 2036K
[    0.670697] Freeing unused kernel image (initmem) memory: 3196K
[    0.678546] Write protecting the kernel read-only data: 32768k
[    0.678994] Freeing unused kernel image (rodata/data gap) memory: 1560K
[    0.723687] x86/mm: Checked W+X mappings: passed, no W+X pages found.
[    0.723689] rodata_test: all tests were successful
[    0.723690] x86/mm: Checking user space page tables
[    0.760005] x86/mm: Checked W+X mappings: passed, no W+X pages found.
[    0.760008] Run /init as init process
[    0.760009]   with arguments:
[    0.760010]     /init
[    0.760011]   with environment:
[    0.760011]     HOME=/
[    0.760012]     TERM=linux
[    0.773999] fbcon: Taking over console
[    0.774112] Console: switching to colour frame buffer device 160x64
[    0.806420] usb 1-1: new high-speed USB device number 2 using ehci-pci
[    0.820420] usb 2-1: new high-speed USB device number 2 using ehci-pci
[    0.942752] usb 1-1: New USB device found, idVendor=8087, idProduct=8008, bcdDevice= 0.05
[    0.942756] usb 1-1: New USB device strings: Mfr=0, Product=0, SerialNumber=0
[    0.943057] hub 1-1:1.0: USB hub found
[    0.943127] hub 1-1:1.0: 6 ports detected
[    0.956752] usb 2-1: New USB device found, idVendor=8087, idProduct=8000, bcdDevice= 0.05
[    0.956755] usb 2-1: New USB device strings: Mfr=0, Product=0, SerialNumber=0
[    0.957049] hub 2-1:1.0: USB hub found
[    0.957128] hub 2-1:1.0: 8 ports detected
[    0.985465] xhci_hcd 0000:00:14.0: xHCI Host Controller
[    0.985471] xhci_hcd 0000:00:14.0: new USB bus registered, assigned bus number 3
[    0.986530] xhci_hcd 0000:00:14.0: hcc params 0x200077c1 hci version 0x100 quirks 0x0000000000009810
[    0.986667] xhci_hcd 0000:00:14.0: xHCI Host Controller
[    0.986670] xhci_hcd 0000:00:14.0: new USB bus registered, assigned bus number 4
[    0.986672] xhci_hcd 0000:00:14.0: Host supports USB 3.0 SuperSpeed
[    0.986709] usb usb3: New USB device found, idVendor=1d6b, idProduct=0002, bcdDevice= 6.04
[    0.986711] usb usb3: New USB device strings: Mfr=3, Product=2, SerialNumber=1
[    0.986712] usb usb3: Product: xHCI Host Controller
[    0.986713] usb usb3: Manufacturer: Linux 6.4.7-1-cachyos-lto xhci-hcd
[    0.986714] usb usb3: SerialNumber: 0000:00:14.0
[    0.986857] hub 3-0:1.0: USB hub found
[    0.986875] hub 3-0:1.0: 15 ports detected
[    0.991091] usb usb4: New USB device found, idVendor=1d6b, idProduct=0003, bcdDevice= 6.04
[    0.991094] usb usb4: New USB device strings: Mfr=3, Product=2, SerialNumber=1
[    0.991095] usb usb4: Product: xHCI Host Controller
[    0.991097] usb usb4: Manufacturer: Linux 6.4.7-1-cachyos-lto xhci-hcd
[    0.991098] usb usb4: SerialNumber: 0000:00:14.0
[    0.991180] hub 4-0:1.0: USB hub found
[    0.991192] hub 4-0:1.0: 6 ports detected
[    0.993370] nvme nvme0: pci function 0000:02:00.0
[    1.190333] nvme nvme0: allocated 64 MiB host memory buffer.
[    1.232451] usb 3-1: new full-speed USB device number 2 using xhci_hcd
[    1.237775] nvme nvme0: 8/0/0 default/read/poll queues
[    1.260188] nvme nvme0: Ignoring bogus Namespace Identifiers
[    1.267544]  nvme0n1: p1 p2 p3 p4 p5 p6
[    1.370721] usb 3-1: New USB device found, idVendor=2d99, idProduct=0026, bcdDevice= 1.00
[    1.370726] usb 3-1: New USB device strings: Mfr=1, Product=2, SerialNumber=3
[    1.370728] usb 3-1: Product: HECATE G2II GAMING HEADSET
[    1.370729] usb 3-1: Manufacturer: HECATE G2II GAMING HEADSET
[    1.370731] usb 3-1: SerialNumber: 20210710
[    1.482642] usb 4-5: new SuperSpeed USB device number 2 using xhci_hcd
[    1.510106] usb 4-5: New USB device found, idVendor=0951, idProduct=1666, bcdDevice= 0.01
[    1.510109] usb 4-5: New USB device strings: Mfr=1, Product=2, SerialNumber=3
[    1.510111] usb 4-5: Product: DataTraveler 3.0
[    1.510112] usb 4-5: Manufacturer: Kingston
[    1.510113] usb 4-5: SerialNumber: E0D55E6C09F7F471E963C944
[    1.526425] tsc: Refined TSC clocksource calibration: 2899.997 MHz
[    1.526432] clocksource: tsc: mask: 0xffffffffffffffff max_cycles: 0x29cd4058c5c, max_idle_ns: 440795330155 ns
[    1.526529] clocksource: Switched to clocksource tsc
[    1.614428] usb 3-5: new full-speed USB device number 3 using xhci_hcd
[    1.747230] usb 3-5: New USB device found, idVendor=2357, idProduct=0604, bcdDevice= 2.00
[    1.747234] usb 3-5: New USB device strings: Mfr=1, Product=2, SerialNumber=3
[    1.747235] usb 3-5: Product: TP-Link UB500 Adapter
[    1.747237] usb 3-5: Manufacturer:  
[    1.747238] usb 3-5: SerialNumber: E848B8C82000
[    1.866425] usb 3-7: new full-speed USB device number 4 using xhci_hcd
[    1.999816] usb 3-7: New USB device found, idVendor=09da, idProduct=e5c0, bcdDevice= 0.1a
[    1.999819] usb 3-7: New USB device strings: Mfr=1, Product=2, SerialNumber=0
[    1.999821] usb 3-7: Product: USB DEVICE  
[    1.999822] usb 3-7: Manufacturer: COMPANY 
[    2.118424] usb 3-8: new full-speed USB device number 5 using xhci_hcd
[    2.251559] usb 3-8: New USB device found, idVendor=1038, idProduct=1836, bcdDevice= 1.00
[    2.251563] usb 3-8: New USB device strings: Mfr=1, Product=2, SerialNumber=0
[    2.251564] usb 3-8: Product: SteelSeries Aerox 3
[    2.251565] usb 3-8: Manufacturer: SteelSeries
[    3.056098] usb-storage 4-5:1.0: USB Mass Storage device detected
[    3.056257] scsi host0: usb-storage 4-5:1.0
[    3.056336] usbcore: registered new interface driver usb-storage
[    3.057407] input: HECATE G2II GAMING HEADSET HECATE G2II GAMING HEADSET as /devices/pci0000:00/0000:00:14.0/usb3/3-1/3-1:1.3/0003:2D99:0026.0001/input/input2
[    3.059223] usbcore: registered new interface driver uas
[    3.067569] [drm] amdgpu kernel modesetting enabled.
[    3.067658] amdgpu: CRAT table not found
[    3.067660] amdgpu: Virtual CRAT table created for CPU
[    3.067669] amdgpu: Topology: Add CPU node
[    3.067832] amdgpu 0000:05:00.0: enabling device (0106 -> 0107)
[    3.067907] [drm] initializing kernel modesetting (DIMGREY_CAVEFISH 0x1002:0x73FF 0x1002:0x0E36 0xC3).
[    3.067924] [drm] register mmio base: 0xFBA00000
[    3.067925] [drm] register mmio size: 1048576
[    3.069409] [drm] add ip block number 0 <nv_common>
[    3.069411] [drm] add ip block number 1 <gmc_v10_0>
[    3.069412] [drm] add ip block number 2 <navi10_ih>
[    3.069412] [drm] add ip block number 3 <psp>
[    3.069413] [drm] add ip block number 4 <smu>
[    3.069414] [drm] add ip block number 5 <dm>
[    3.069415] [drm] add ip block number 6 <gfx_v10_0>
[    3.069416] [drm] add ip block number 7 <sdma_v5_2>
[    3.069417] [drm] add ip block number 8 <vcn_v3_0>
[    3.069418] [drm] add ip block number 9 <jpeg_v3_0>
[    3.069446] amdgpu 0000:05:00.0: amdgpu: Fetched VBIOS from VFCT
[    3.069448] amdgpu: ATOM BIOS: 113-D5340100-X00
[    3.072204] [drm] VCN(0) decode is enabled in VM mode
[    3.072206] [drm] VCN(0) encode is enabled in VM mode
[    3.073756] [drm] JPEG decode is enabled in VM mode
[    3.073848] Console: switching to colour dummy device 80x25
[    3.073871] amdgpu 0000:05:00.0: vgaarb: deactivate vga console
[    3.073874] amdgpu 0000:05:00.0: amdgpu: Trusted Memory Zone (TMZ) feature disabled as experimental (default)
[    3.073932] [drm] vm size is 262144 GB, 4 levels, block size is 9-bit, fragment size is 9-bit
[    3.073945] amdgpu 0000:05:00.0: BAR 2: releasing [mem 0x383ff0000000-0x383ff01fffff 64bit pref]
[    3.073947] amdgpu 0000:05:00.0: BAR 0: releasing [mem 0x383fe0000000-0x383fefffffff 64bit pref]
[    3.073960] pcieport 0000:04:00.0: BAR 15: releasing [mem 0x383fe0000000-0x383ff01fffff 64bit pref]
[    3.073962] pcieport 0000:03:00.0: BAR 15: releasing [mem 0x383fe0000000-0x383ff01fffff 64bit pref]
[    3.073964] pcieport 0000:00:02.0: BAR 15: releasing [mem 0x383fe0000000-0x383ff01fffff 64bit pref]
[    3.073970] pcieport 0000:00:02.0: BAR 15: assigned [mem 0x380000000000-0x3802ffffffff 64bit pref]
[    3.073973] pcieport 0000:03:00.0: BAR 15: assigned [mem 0x380000000000-0x3802ffffffff 64bit pref]
[    3.073975] pcieport 0000:04:00.0: BAR 15: assigned [mem 0x380000000000-0x3802ffffffff 64bit pref]
[    3.073977] amdgpu 0000:05:00.0: BAR 0: assigned [mem 0x380000000000-0x3801ffffffff 64bit pref]
[    3.073990] amdgpu 0000:05:00.0: BAR 2: assigned [mem 0x380200000000-0x3802001fffff 64bit pref]
[    3.074003] pcieport 0000:00:02.0: PCI bridge to [bus 03-05]
[    3.074005] pcieport 0000:00:02.0:   bridge window [io  0xe000-0xefff]
[    3.074012] pcieport 0000:00:02.0:   bridge window [mem 0xfba00000-0xfbcfffff]
[    3.074017] pcieport 0000:00:02.0:   bridge window [mem 0x380000000000-0x3802ffffffff 64bit pref]
[    3.074026] pcieport 0000:03:00.0: PCI bridge to [bus 04-05]
[    3.074028] pcieport 0000:03:00.0:   bridge window [io  0xe000-0xefff]
[    3.074035] pcieport 0000:03:00.0:   bridge window [mem 0xfba00000-0xfbbfffff]
[    3.074043] pcieport 0000:03:00.0:   bridge window [mem 0x380000000000-0x3802ffffffff 64bit pref]
[    3.074053] pcieport 0000:04:00.0: PCI bridge to [bus 05]
[    3.074055] pcieport 0000:04:00.0:   bridge window [io  0xe000-0xefff]
[    3.074062] pcieport 0000:04:00.0:   bridge window [mem 0xfba00000-0xfbbfffff]
[    3.074068] pcieport 0000:04:00.0:   bridge window [mem 0x380000000000-0x3802ffffffff 64bit pref]
[    3.074085] amdgpu 0000:05:00.0: amdgpu: VRAM: 8176M 0x0000008000000000 - 0x00000081FEFFFFFF (8176M used)
[    3.074087] amdgpu 0000:05:00.0: amdgpu: GART: 512M 0x0000000000000000 - 0x000000001FFFFFFF
[    3.074089] amdgpu 0000:05:00.0: amdgpu: AGP: 267894784M 0x0000008400000000 - 0x0000FFFFFFFFFFFF
[    3.074095] [drm] Detected VRAM RAM=8176M, BAR=8192M
[    3.074096] [drm] RAM width 128bits GDDR6
[    3.074244] [drm] amdgpu: 8176M of VRAM memory ready
[    3.074246] [drm] amdgpu: 15968M of GTT memory ready.
[    3.074255] [drm] GART: num cpu pages 131072, num gpu pages 131072
[    3.074346] [drm] PCIE GART of 512M enabled (table at 0x0000008000500000).
[    3.110534] hid-generic 0003:2D99:0026.0001: input,hidraw0: USB HID v1.00 Device [HECATE G2II GAMING HEADSET HECATE G2II GAMING HEADSET] on usb-0000:00:14.0-1/input3
[    3.111009] input: COMPANY  USB DEVICE   as /devices/pci0000:00/0000:00:14.0/usb3/3-7/3-7:1.0/0003:09DA:E5C0.0002/input/input3
[    3.164559] hid-generic 0003:09DA:E5C0.0002: input,hidraw1: USB HID v1.11 Keyboard [COMPANY  USB DEVICE  ] on usb-0000:00:14.0-7/input0
[    3.164958] input: COMPANY  USB DEVICE   as /devices/pci0000:00/0000:00:14.0/usb3/3-7/3-7:1.1/0003:09DA:E5C0.0003/input/input4
[    3.164997] hid-generic 0003:09DA:E5C0.0003: input,hidraw2: USB HID v1.11 Mouse [COMPANY  USB DEVICE  ] on usb-0000:00:14.0-7/input1
[    3.165804] input: COMPANY  USB DEVICE   Keyboard as /devices/pci0000:00/0000:00:14.0/usb3/3-7/3-7:1.2/0003:09DA:E5C0.0004/input/input5
[    3.218487] input: COMPANY  USB DEVICE   Mouse as /devices/pci0000:00/0000:00:14.0/usb3/3-7/3-7:1.2/0003:09DA:E5C0.0004/input/input6
[    3.218521] input: COMPANY  USB DEVICE   as /devices/pci0000:00/0000:00:14.0/usb3/3-7/3-7:1.2/0003:09DA:E5C0.0004/input/input7
[    3.218604] hid-generic 0003:09DA:E5C0.0004: input,hiddev96,hidraw3: USB HID v1.11 Keyboard [COMPANY  USB DEVICE  ] on usb-0000:00:14.0-7/input2
[    3.219170] input: SteelSeries SteelSeries Aerox 3 as /devices/pci0000:00/0000:00:14.0/usb3/3-8/3-8:1.0/0003:1038:1836.0005/input/input8
[    3.219259] hid-generic 0003:1038:1836.0005: input,hidraw4: USB HID v1.11 Mouse [SteelSeries SteelSeries Aerox 3] on usb-0000:00:14.0-8/input0
[    3.220035] input: SteelSeries SteelSeries Aerox 3 Keyboard as /devices/pci0000:00/0000:00:14.0/usb3/3-8/3-8:1.1/0003:1038:1836.0006/input/input9
[    3.272525] hid-generic 0003:1038:1836.0006: input,hidraw5: USB HID v1.11 Keyboard [SteelSeries SteelSeries Aerox 3] on usb-0000:00:14.0-8/input1
[    3.272899] hid-generic 0003:1038:1836.0007: hiddev97,hidraw6: USB HID v1.11 Device [SteelSeries SteelSeries Aerox 3] on usb-0000:00:14.0-8/input2
[    3.273279] hid-generic 0003:1038:1836.0008: hiddev98,hidraw7: USB HID v1.11 Device [SteelSeries SteelSeries Aerox 3] on usb-0000:00:14.0-8/input3
[    3.273300] usbcore: registered new interface driver usbhid
[    3.273301] usbhid: USB HID core driver
[    4.070927] scsi 0:0:0:0: Direct-Access     Kingston DataTraveler 3.0      PQ: 0 ANSI: 6
[    4.071308] sd 0:0:0:0: [sda] 60437492 512-byte logical blocks: (30.9 GB/28.8 GiB)
[    4.071448] sd 0:0:0:0: [sda] Write Protect is off
[    4.071451] sd 0:0:0:0: [sda] Mode Sense: 4f 00 00 00
[    4.071595] sd 0:0:0:0: [sda] Write cache: disabled, read cache: enabled, doesn't support DPO or FUA
[    4.072872]  sda: sda1 sda2
[    4.072937] sd 0:0:0:0: [sda] Attached SCSI removable disk
[    4.522957] amdgpu 0000:05:00.0: amdgpu: STB initialized to 2048 entries
[    4.523028] [drm] Loading DMUB firmware via PSP: version=0x0202001E
[    4.523629] [drm] use_doorbell being set to: [true]
[    4.523640] [drm] use_doorbell being set to: [true]
[    4.523649] [drm] Found VCN firmware Version ENC: 1.27 DEC: 2 VEP: 0 Revision: 0
[    4.523653] amdgpu 0000:05:00.0: amdgpu: Will use PSP to load VCN firmware
[    4.593041] [drm] reserve 0xa00000 from 0x81fd000000 for PSP TMR
[    4.695983] amdgpu 0000:05:00.0: amdgpu: RAS: optional ras ta ucode is not available
[    4.713568] amdgpu 0000:05:00.0: amdgpu: SECUREDISPLAY: securedisplay ta ucode is not available
[    4.713588] amdgpu 0000:05:00.0: amdgpu: smu driver if version = 0x0000000f, smu fw if version = 0x00000013, smu fw program = 0, version = 0x003b2b00 (59.43.0)
[    4.713595] amdgpu 0000:05:00.0: amdgpu: SMU driver if version not matched
[    4.713624] amdgpu 0000:05:00.0: amdgpu: use vbios provided pptable
[    4.764444] amdgpu 0000:05:00.0: amdgpu: SMU is initialized successfully!
[    4.764669] [drm] Display Core initialized with v3.2.230!
[    4.764671] [drm] DP-HDMI FRL PCON supported
[    4.765814] [drm] DMUB hardware initialized: version=0x0202001E
[    4.967743] [drm] kiq ring mec 2 pipe 1 q 0
[    4.971748] [drm] VCN decode and encode initialized successfully(under DPG Mode).
[    4.972579] [drm] JPEG decode initialized successfully.
[    4.978519] kfd kfd: amdgpu: Allocated 3969056 bytes on gart
[    4.978672] amdgpu: sdma_bitmap: ffff
[    5.014318] amdgpu: HMM registered 8176MB device memory
[    5.014414] amdgpu: Virtual CRAT table created for GPU
[    5.014542] amdgpu: Topology: Add dGPU node [0x73ff:0x1002]
[    5.014545] kfd kfd: amdgpu: added device 1002:73ff
[    5.014562] amdgpu 0000:05:00.0: amdgpu: SE 2, SH per SE 2, CU per SH 8, active_cu_number 28
[    5.014644] amdgpu 0000:05:00.0: amdgpu: ring gfx_0.0.0 uses VM inv eng 0 on hub 0
[    5.014646] amdgpu 0000:05:00.0: amdgpu: ring comp_1.0.0 uses VM inv eng 1 on hub 0
[    5.014647] amdgpu 0000:05:00.0: amdgpu: ring comp_1.1.0 uses VM inv eng 4 on hub 0
[    5.014648] amdgpu 0000:05:00.0: amdgpu: ring comp_1.2.0 uses VM inv eng 5 on hub 0
[    5.014649] amdgpu 0000:05:00.0: amdgpu: ring comp_1.3.0 uses VM inv eng 6 on hub 0
[    5.014650] amdgpu 0000:05:00.0: amdgpu: ring comp_1.0.1 uses VM inv eng 7 on hub 0
[    5.014650] amdgpu 0000:05:00.0: amdgpu: ring comp_1.1.1 uses VM inv eng 8 on hub 0
[    5.014651] amdgpu 0000:05:00.0: amdgpu: ring comp_1.2.1 uses VM inv eng 9 on hub 0
[    5.014652] amdgpu 0000:05:00.0: amdgpu: ring comp_1.3.1 uses VM inv eng 10 on hub 0
[    5.014653] amdgpu 0000:05:00.0: amdgpu: ring kiq_2.1.0 uses VM inv eng 11 on hub 0
[    5.014654] amdgpu 0000:05:00.0: amdgpu: ring sdma0 uses VM inv eng 12 on hub 0
[    5.014655] amdgpu 0000:05:00.0: amdgpu: ring sdma1 uses VM inv eng 13 on hub 0
[    5.014656] amdgpu 0000:05:00.0: amdgpu: ring vcn_dec_0 uses VM inv eng 0 on hub 1
[    5.014657] amdgpu 0000:05:00.0: amdgpu: ring vcn_enc_0.0 uses VM inv eng 1 on hub 1
[    5.014658] amdgpu 0000:05:00.0: amdgpu: ring vcn_enc_0.1 uses VM inv eng 4 on hub 1
[    5.014659] amdgpu 0000:05:00.0: amdgpu: ring jpeg_dec uses VM inv eng 5 on hub 1
[    5.015902] [drm] Initialized amdgpu 3.52.0 20150101 for 0000:05:00.0 on minor 0
[    5.023327] fbcon: amdgpudrmfb (fb0) is primary device
[    5.023516] [drm] DSC precompute is not needed.
[    5.133561] Console: switching to colour frame buffer device 240x67
[    5.151351] amdgpu 0000:05:00.0: [drm] fb0: amdgpudrmfb frame buffer device
[    5.287014] F2FS-fs (nvme0n1p2): Mounted with checkpoint version = 789a1ee4
[    5.380339] systemd[1]: systemd 253.7-1-arch running in system mode (+PAM +AUDIT -SELINUX -APPARMOR -IMA +SMACK +SECCOMP +GCRYPT +GNUTLS +OPENSSL +ACL +BLKID +CURL +ELFUTILS +FIDO2 +IDN2 -IDN +IPTC +KMOD +LIBCRYPTSETUP +LIBFDISK +PCRE2 -PWQUALITY +P11KIT -QRENCODE +TPM2 +BZIP2 +LZ4 +XZ +ZLIB +ZSTD +BPF_FRAMEWORK +XKBCOMMON +UTMP -SYSVINIT default-hierarchy=unified)
[    5.380344] systemd[1]: Detected architecture x86-64.
[    5.381012] systemd[1]: Hostname set to <cachyos-pc>.
[    5.472354] systemd[1]: bpf-lsm: LSM BPF program attached
[    5.472700] memfd_create() without MFD_EXEC nor MFD_NOEXEC_SEAL, pid=1 'systemd'
[    5.615762] zram: Added device: zram0
[    5.672983] systemd[1]: Queued start job for default target Graphical Interface.
[    5.685839] systemd[1]: Created slice Slice /system/getty.
[    5.686151] systemd[1]: Created slice Slice /system/modprobe.
[    5.686439] systemd[1]: Created slice Slice /system/systemd-fsck.
[    5.686734] systemd[1]: Created slice Slice /system/systemd-zram-setup.
[    5.686958] systemd[1]: Created slice User and Session Slice.
[    5.687048] systemd[1]: Started Dispatch Password Requests to Console Directory Watch.
[    5.687125] systemd[1]: Started Forward Password Requests to Wall Directory Watch.
[    5.687293] systemd[1]: Set up automount Arbitrary Executable File Formats File System Automount Point.
[    5.687363] systemd[1]: Reached target Local Encrypted Volumes.
[    5.687405] systemd[1]: Reached target Login Prompts.
[    5.687442] systemd[1]: Reached target Local Integrity Protected Volumes.
[    5.687494] systemd[1]: Reached target Remote File Systems.
[    5.687529] systemd[1]: Reached target Slice Units.
[    5.687575] systemd[1]: Reached target Local Verity Protected Volumes.
[    5.687665] systemd[1]: Listening on Device-mapper event daemon FIFOs.
[    5.688099] systemd[1]: Listening on LVM2 poll daemon socket.
[    5.689154] systemd[1]: Listening on Process Core Dump Socket.
[    5.689483] systemd[1]: Listening on Journal Socket (/dev/log).
[    5.689622] systemd[1]: Listening on Journal Socket.
[    5.689926] systemd[1]: Listening on udev Control Socket.
[    5.690040] systemd[1]: Listening on udev Kernel Socket.
[    5.690830] systemd[1]: Mounting Huge Pages File System...
[    5.691543] systemd[1]: Mounting POSIX Message Queue File System...
[    5.692288] systemd[1]: Mounting Kernel Debug File System...
[    5.693141] systemd[1]: Mounting Kernel Trace File System...
[    5.694110] systemd[1]: Starting Create List of Static Device Nodes...
[    5.694859] systemd[1]: Starting Monitoring of LVM2 mirrors, snapshots etc. using dmeventd or progress polling...
[    5.695662] systemd[1]: Starting Load Kernel Module configfs...
[    5.696616] systemd[1]: Starting Load Kernel Module dm_mod...
[    5.697407] systemd[1]: Starting Load Kernel Module drm...
[    5.698220] systemd[1]: Starting Load Kernel Module fuse...
[    5.699025] systemd[1]: Starting Load Kernel Module loop...
[    5.699132] systemd[1]: File System Check on Root Device was skipped because of an unmet condition check (ConditionPathIsReadWrite=!/).
[    5.700518] systemd[1]: Starting Journal Service...
[    5.702099] systemd[1]: Starting Load Kernel Modules...
[    5.702165] systemd[1]: TPM2 PCR Machine ID Measurement was skipped because of an unmet condition check (ConditionPathExists=/sys/firmware/efi/efivars/StubPcrKernelImage-4a67b082-0a4c-41cf-b6c7-440b29bb8c4f).
[    5.702895] systemd[1]: Starting Remount Root and Kernel File Systems...
[    5.703670] systemd[1]: Starting Coldplug All udev Devices...
[    5.704667] loop: module loaded
[    5.705120] systemd[1]: Mounted Huge Pages File System.
[    5.705258] systemd[1]: Mounted POSIX Message Queue File System.
[    5.705368] systemd[1]: Mounted Kernel Debug File System.
[    5.705475] systemd[1]: Mounted Kernel Trace File System.
[    5.708140] F2FS-fs (nvme0n1p2): Image doesn't support compression
[    5.708145] F2FS-fs (nvme0n1p2): Image doesn't support compression
[    5.710951] device-mapper: uevent: version 1.0.3
[    5.710971] fuse: init (API version 7.38)
[    5.711024] device-mapper: ioctl: 4.48.0-ioctl (2023-03-01) initialised: dm-devel@redhat.com
[    5.711782] systemd-journald[382]: Collecting audit messages is disabled.
[    5.713543] Asymmetric key parser 'pkcs8' registered
[    5.728731] systemd[1]: Finished Create List of Static Device Nodes.
[    5.730023] systemd[1]: modprobe@configfs.service: Deactivated successfully.
[    5.754571] systemd[1]: Finished Load Kernel Module configfs.
[    5.755166] systemd[1]: modprobe@dm_mod.service: Deactivated successfully.
[    5.796615] systemd[1]: Finished Load Kernel Module dm_mod.
[    5.797097] systemd[1]: Started Journal Service.
[    5.961052] systemd-journald[382]: Received client request to flush runtime journal.
[    5.967940] systemd-journald[382]: /var/log/journal/6ee1a47dc5c3462ca0b04e56ebbf9940/system.journal: Monotonic clock jumped backwards relative to last journal entry, rotating.
[    5.967945] systemd-journald[382]: Rotating system journal.
[    6.225343] zram0: detected capacity change from 0 to 16351744
[    6.362538] mousedev: PS/2 mouse device common for all mice
[    6.461988] Adding 8175868k swap on /dev/zram0.  Priority:100 extents:1 across:8175868k SSDscFS
[    6.496158] F2FS-fs (nvme0n1p6): Image doesn't support compression
[    6.496165] F2FS-fs (nvme0n1p6): Image doesn't support compression
[    6.507578] ACPI Warning: SystemIO range 0x0000000000000428-0x000000000000042F conflicts with OpRegion 0x0000000000000428-0x000000000000042F (\GPE0) (20230331/utaddress-204)
[    6.507586] ACPI: OSL: Resource conflict; ACPI support missing from driver?
[    6.507589] ACPI Warning: SystemIO range 0x0000000000000500-0x000000000000052F conflicts with OpRegion 0x000000000000052C-0x000000000000052D (\GPIV) (20230331/utaddress-204)
[    6.507592] ACPI: OSL: Resource conflict; ACPI support missing from driver?
[    6.526689] lpc_ich: Resource conflict(s) found affecting gpio_ich
[    6.558566] i801_smbus 0000:00:1f.3: enabling device (0000 -> 0003)
[    6.558713] i801_smbus 0000:00:1f.3: SMBus using PCI interrupt
[    6.564148] i2c i2c-9: 2/4 memory slots populated (from DMI)
[    6.569538] input: PC Speaker as /devices/platform/pcspkr/input/input10
[    6.663348] RAPL PMU: API unit is 2^-32 Joules, 2 fixed counters, 655360 ms ovfl timer
[    6.663354] RAPL PMU: hw unit of domain package 2^-14 Joules
[    6.663356] RAPL PMU: hw unit of domain dram 2^-16 Joules
[    6.675542] F2FS-fs (nvme0n1p6): Mounted with checkpoint version = f08d208
[    6.678546] mc: Linux media interface: v0.10
[    6.680532] cryptd: max_cpu_qlen set to 1000
[    6.697520] r8169 0000:08:00.0 eth0: RTL8168h/8111h, 0a:e0:af:ab:01:75, XID 541, IRQ 45
[    6.697527] r8169 0000:08:00.0 eth0: jumbo features [frames: 9194 bytes, tx checksumming: ko]
[    6.742513] AVX2 version of gcm_enc/dec engaged.
[    6.742618] AES CTR mode by8 optimization enabled
[    6.769040] gpio_ich gpio_ich.2.auto: GPIO from 512 to 587
[    6.800352] snd_hda_intel 0000:00:1b.0: enabling device (0000 -> 0002)
[    6.802506] snd_hda_intel 0000:05:00.1: enabling device (0100 -> 0102)
[    6.802685] snd_hda_intel 0000:05:00.1: Force to non-snoop mode
[    6.816465] Bluetooth: Core ver 2.22
[    6.816496] NET: Registered PF_BLUETOOTH protocol family
[    6.816498] Bluetooth: HCI device and connection manager initialized
[    6.816502] Bluetooth: HCI socket layer initialized
[    6.816504] Bluetooth: L2CAP socket layer initialized
[    6.816509] Bluetooth: SCO socket layer initialized
[    6.863329] r8169 0000:08:00.0 enp8s0: renamed from eth0
[    6.876049] usbcore: registered new interface driver snd-usb-audio
[    6.922806] snd_hda_intel 0000:05:00.1: bound 0000:05:00.0 (ops amdgpu_dm_audio_component_bind_ops [amdgpu])
[    6.928634] input: HDA ATI HDMI HDMI/DP,pcm=3 as /devices/pci0000:00/0000:00:02.0/0000:03:00.0/0000:04:00.0/0000:05:00.1/sound/card1/input11
[    6.928716] input: HDA ATI HDMI HDMI/DP,pcm=7 as /devices/pci0000:00/0000:00:02.0/0000:03:00.0/0000:04:00.0/0000:05:00.1/sound/card1/input12
[    6.928776] input: HDA ATI HDMI HDMI/DP,pcm=8 as /devices/pci0000:00/0000:00:02.0/0000:03:00.0/0000:04:00.0/0000:05:00.1/sound/card1/input13
[    6.928835] input: HDA ATI HDMI HDMI/DP,pcm=9 as /devices/pci0000:00/0000:00:02.0/0000:03:00.0/0000:04:00.0/0000:05:00.1/sound/card1/input14
[    6.928893] input: HDA ATI HDMI HDMI/DP,pcm=10 as /devices/pci0000:00/0000:00:02.0/0000:03:00.0/0000:04:00.0/0000:05:00.1/sound/card1/input15
[    6.929501] usbcore: registered new interface driver btusb
[    6.936764] Bluetooth: hci0: RTL: examining hci_ver=0a hci_rev=000b lmp_ver=0a lmp_subver=8761
[    6.937761] Bluetooth: hci0: RTL: rom_version status=0 version=1
[    6.937764] Bluetooth: hci0: RTL: loading rtl_bt/rtl8761bu_fw.bin
[    6.939390] Bluetooth: hci0: RTL: loading rtl_bt/rtl8761bu_config.bin
[    6.939563] Bluetooth: hci0: RTL: cfg_sz 6, total sz 30210
[    6.941574] spi-nor spi0.0: mx25l12805d (16384 Kbytes)
[    6.945422] snd_hda_codec_realtek hdaudioC0D2: autoconfig for ALC897: line_outs=4 (0x14/0x15/0x16/0x17/0x0) type:line
[    6.945431] snd_hda_codec_realtek hdaudioC0D2:    speaker_outs=0 (0x0/0x0/0x0/0x0/0x0)
[    6.945435] snd_hda_codec_realtek hdaudioC0D2:    hp_outs=1 (0x1b/0x0/0x0/0x0/0x0)
[    6.945438] snd_hda_codec_realtek hdaudioC0D2:    mono: mono_out=0x0
[    6.945440] snd_hda_codec_realtek hdaudioC0D2:    dig-out=0x1e/0x0
[    6.945442] snd_hda_codec_realtek hdaudioC0D2:    inputs:
[    6.945445] snd_hda_codec_realtek hdaudioC0D2:      Front Mic=0x19
[    6.945447] snd_hda_codec_realtek hdaudioC0D2:      Rear Mic=0x18
[    6.945450] snd_hda_codec_realtek hdaudioC0D2:      Line=0x1a
[    6.946984] Creating 1 MTD partitions on "intel-spi":
[    6.946991] 0x000000000000-0x000001000000 : "BIOS"
[    6.966884] input: HDA Intel PCH Front Mic as /devices/pci0000:00/0000:00:1b.0/sound/card0/input16
[    6.966952] input: HDA Intel PCH Rear Mic as /devices/pci0000:00/0000:00:1b.0/sound/card0/input17
[    6.967014] input: HDA Intel PCH Line as /devices/pci0000:00/0000:00:1b.0/sound/card0/input18
[    6.967075] input: HDA Intel PCH Line Out Front as /devices/pci0000:00/0000:00:1b.0/sound/card0/input19
[    6.967159] input: HDA Intel PCH Line Out Surround as /devices/pci0000:00/0000:00:1b.0/sound/card0/input20
[    6.967211] input: HDA Intel PCH Line Out CLFE as /devices/pci0000:00/0000:00:1b.0/sound/card0/input21
[    6.967266] input: HDA Intel PCH Line Out Side as /devices/pci0000:00/0000:00:1b.0/sound/card0/input22
[    6.967370] input: HDA Intel PCH Front Headphone as /devices/pci0000:00/0000:00:1b.0/sound/card0/input23
[    6.991958] EDAC sbridge: Seeking for: PCI ID 8086:2fa0
[    6.991973] EDAC sbridge: Seeking for: PCI ID 8086:2fa0
[    6.991985] EDAC sbridge: Seeking for: PCI ID 8086:2f60
[    6.991989] EDAC sbridge: Seeking for: PCI ID 8086:2f60
[    6.991994] EDAC sbridge: Seeking for: PCI ID 8086:2fa8
[    6.991998] EDAC sbridge: Seeking for: PCI ID 8086:2fa8
[    6.992002] EDAC sbridge: Seeking for: PCI ID 8086:2f71
[    6.992006] EDAC sbridge: Seeking for: PCI ID 8086:2f71
[    6.992011] EDAC sbridge: Seeking for: PCI ID 8086:2faa
[    6.992016] EDAC sbridge: Seeking for: PCI ID 8086:2faa
[    6.992020] EDAC sbridge: Seeking for: PCI ID 8086:2fab
[    6.992024] EDAC sbridge: Seeking for: PCI ID 8086:2fab
[    6.992029] EDAC sbridge: Seeking for: PCI ID 8086:2fac
[    6.992035] EDAC sbridge: Seeking for: PCI ID 8086:2fad
[    6.992041] EDAC sbridge: Seeking for: PCI ID 8086:2f68
[    6.992046] EDAC sbridge: Seeking for: PCI ID 8086:2f68
[    6.992050] EDAC sbridge: Seeking for: PCI ID 8086:2f79
[    6.992055] EDAC sbridge: Seeking for: PCI ID 8086:2f79
[    6.992059] EDAC sbridge: Seeking for: PCI ID 8086:2f6a
[    6.992063] EDAC sbridge: Seeking for: PCI ID 8086:2f6a
[    6.992067] EDAC sbridge: Seeking for: PCI ID 8086:2f6b
[    6.992072] EDAC sbridge: Seeking for: PCI ID 8086:2f6b
[    6.992076] EDAC sbridge: Seeking for: PCI ID 8086:2f6c
[    6.992083] EDAC sbridge: Seeking for: PCI ID 8086:2f6d
[    6.992089] EDAC sbridge: Seeking for: PCI ID 8086:2ffc
[    6.992093] EDAC sbridge: Seeking for: PCI ID 8086:2ffc
[    6.992098] EDAC sbridge: Seeking for: PCI ID 8086:2ffd
[    6.992101] EDAC sbridge: Seeking for: PCI ID 8086:2ffd
[    6.992106] EDAC sbridge: Seeking for: PCI ID 8086:2fbd
[    6.992111] EDAC sbridge: Seeking for: PCI ID 8086:2fbd
[    6.992115] EDAC sbridge: Seeking for: PCI ID 8086:2fbf
[    6.992120] EDAC sbridge: Seeking for: PCI ID 8086:2fbf
[    6.992124] EDAC sbridge: Seeking for: PCI ID 8086:2fb9
[    6.992129] EDAC sbridge: Seeking for: PCI ID 8086:2fb9
[    6.992132] EDAC sbridge: Seeking for: PCI ID 8086:2fbb
[    6.992138] EDAC sbridge: Seeking for: PCI ID 8086:2fbb
[    6.992973] EDAC MC0: Giving out device to module sb_edac controller Haswell SrcID#0_Ha#0: DEV 0000:ff:12.0 (INTERRUPT)
[    6.993032] EDAC MC1: Giving out device to module sb_edac controller Haswell SrcID#0_Ha#1: DEV 0000:ff:12.4 (INTERRUPT)
[    6.993034] EDAC sbridge:  Ver: 1.1.2 
[    7.007124] intel_rapl_common: Found RAPL domain package
[    7.007130] intel_rapl_common: Found RAPL domain dram
[    7.007134] intel_rapl_common: DRAM domain energy unit 15300pj
[    7.099804] Bluetooth: hci0: RTL: fw version 0xdfc6d922
[    7.278899] Bluetooth: BNEP (Ethernet Emulation) ver 1.3
[    7.278903] Bluetooth: BNEP filters: protocol multicast
[    7.278906] Bluetooth: BNEP socket layer initialized
[    7.279815] Bluetooth: MGMT ver 1.22
[    7.284420] NET: Registered PF_ALG protocol family
[    7.420468] Generic FE-GE Realtek PHY r8169-0-800:00: attached PHY driver (mii_bus:phy_addr=r8169-0-800:00, irq=MAC)
[    7.596571] r8169 0000:08:00.0 enp8s0: Link is Down
[    9.375683] amdgpu 0000:05:00.0: amdgpu: [drm] [PLANE:60:plane-4] async flip with non-fast update
[    9.632600] systemd-journald[382]: /var/log/journal/6ee1a47dc5c3462ca0b04e56ebbf9940/user-1000.journal: Monotonic clock jumped backwards relative to last journal entry, rotating.
[   10.391803] r8169 0000:08:00.0 enp8s0: Link is Up - 1Gbps/Full - flow control rx/tx
[   10.392853] IPv6: ADDRCONF(NETDEV_CHANGE): enp8s0: link becomes ready
[   11.388338] Bluetooth: RFCOMM TTY layer initialized
[   11.388346] Bluetooth: RFCOMM socket layer initialized
[   11.388348] Bluetooth: RFCOMM ver 1.11
